[    0.000000] ACPI: SLIC 0x00000000AB83E930 000176 (v03 DELL   CBX3     01072009 MSFT 00010013)
[    0.000000] ACPI: TCPA 0x00000000AB83EAA8 000032 (v02 ALASKA NAPAASF  00000000 MSFT 01000013)
[    0.000000] ACPI: DMAR 0x00000000AB83EAE0 0000A8 (v01 INTEL  SKL      00000001 INTL 00000001)
[    0.000000] ACPI: UEFI 0x00000000AB83EB88 00005C (v01 INTEL  RstSataV 00000000 ??   00000000)
[    0.000000] ACPI: ASF! 0x00000000AB83EBE8 0000A5 (v32 INTEL   HCG     00000001 TFSM 000F4240)
[    0.000000] ACPI: BGRT 0x00000000AB83EC90 000038 (v00 \xf3\xee              01072009 AMI  00010013)
[    0.000000] ACPI: Local APIC address 0xfee00000
[    0.000000] No NUMA configuration found
[    0.000000] Faking a node at [mem 0x0000000000000000-0x000000084dffffff]
[    0.000000] NODE_DATA(0) allocated [mem 0x84dfd5000-0x84dffffff]
[    0.000000] Zone ranges:
[    0.000000]   DMA      [mem 0x0000000000001000-0x0000000000ffffff]
[    0.000000]   DMA32    [mem 0x0000000001000000-0x00000000ffffffff]
[    0.000000]   Normal   [mem 0x0000000100000000-0x000000084dffffff]
[    0.000000]   Device   empty
[    0.000000] Movable zone start for each node
[    0.000000] Early memory node ranges
[    0.000000]   node   0: [mem 0x0000000000001000-0x0000000000057fff]
[    0.000000]   node   0: [mem 0x0000000000059000-0x000000000009efff]
[    0.000000]   node   0: [mem 0x0000000000100000-0x000000009d772fff]
[    0.000000]   node   0: [mem 0x000000009d79e000-0x00000000ab491fff]
[    0.000000]   node   0: [mem 0x00000000ac4ff000-0x00000000ac4fffff]
[    0.000000]   node   0: [mem 0x0000000100000000-0x000000084dffffff]
[    0.000000] Initmem setup node 0 [mem 0x0000000000001000-0x000000084dffffff]
[    0.000000] On node 0 totalpages: 8360965
[    0.000000]   DMA zone: 64 pages used for memmap
[    0.000000]   DMA zone: 26 pages reserved
[    0.000000]   DMA zone: 3997 pages, LIFO batch:0
[    0.000000]   DMA32 zone: 10898 pages used for memmap
[    0.000000]   DMA32 zone: 697448 pages, LIFO batch:31
[    0.000000]   Normal zone: 119680 pages used for memmap
[    0.000000]   Normal zone: 7659520 pages, LIFO batch:31
[    0.000000] Reserving Intel graphics memory at 0x00000000ae000000-0x00000000afffffff
[    0.000000] ACPI: PM-Timer IO Port: 0x1808
[    0.000000] ACPI: Local APIC address 0xfee00000
[    0.000000] ACPI: LAPIC_NMI (acpi_id[0x01] high edge lint[0x1])
[    0.000000] ACPI: LAPIC_NMI (acpi_id[0x02] high edge lint[0x1])
[    0.000000] ACPI: LAPIC_NMI (acpi_id[0x03] high edge lint[0x1])
[    0.000000] ACPI: LAPIC_NMI (acpi_id[0x04] high edge lint[0x1])
[    0.000000] IOAPIC[0]: apic_id 2, version 32, address 0xfec00000, GSI 0-119
[    0.000000] ACPI: INT_SRC_OVR (bus 0 bus_irq 0 global_irq 2 dfl dfl)
[    0.000000] ACPI: INT_SRC_OVR (bus 0 bus_irq 9 global_irq 9 high level)
[    0.000000] ACPI: IRQ0 used by override.
[    0.000000] ACPI: IRQ9 used by override.
[    0.000000] Using ACPI (MADT) for SMP configuration information
[    0.000000] ACPI: HPET id: 0x8086a701 base: 0xfed00000
[    0.000000] smpboot: Allowing 4 CPUs, 0 hotplug CPUs
[    0.000000] PM: Registered nosave memory: [mem 0x00000000-0x00000fff]
[    0.000000] PM: Registered nosave memory: [mem 0x00058000-0x00058fff]
[    0.000000] PM: Registered nosave memory: [mem 0x0009f000-0x000fffff]
[    0.000000] PM: Registered nosave memory: [mem 0x9d773000-0x9d773fff]
[    0.000000] PM: Registered nosave memory: [mem 0x9d774000-0x9d79dfff]
[    0.000000] PM: Registered nosave memory: [mem 0xab492000-0xab806fff]
[    0.000000] PM: Registered nosave memory: [mem 0xab807000-0xab83ffff]
[    0.000000] PM: Registered nosave memory: [mem 0xab840000-0xabe6bfff]
[    0.000000] PM: Registered nosave memory: [mem 0xabe6c000-0xac426fff]
[    0.000000] PM: Registered nosave memory: [mem 0xac427000-0xac4fefff]
[    0.000000] PM: Registered nosave memory: [mem 0xac500000-0xafffffff]
[    0.000000] PM: Registered nosave memory: [mem 0xb0000000-0xefffffff]
[    0.000000] PM: Registered nosave memory: [mem 0xf0000000-0xf7ffffff]
[    0.000000] PM: Registered nosave memory: [mem 0xf8000000-0xfdffffff]
[    0.000000] PM: Registered nosave memory: [mem 0xfe000000-0xfe010fff]
[    0.000000] PM: Registered nosave memory: [mem 0xfe011000-0xfebfffff]
[    0.000000] PM: Registered nosave memory: [mem 0xfec00000-0xfec00fff]
[    0.000000] PM: Registered nosave memory: [mem 0xfec01000-0xfedfffff]
[    0.000000] PM: Registered nosave memory: [mem 0xfee00000-0xfee00fff]
[    0.000000] PM: Registered nosave memory: [mem 0xfee01000-0xfeffffff]
[    0.000000] PM: Registered nosave memory: [mem 0xff000000-0xffffffff]
[    0.000000] e820: [mem 0xb0000000-0xefffffff] available for PCI devices
[    0.000000] Booting paravirtualized kernel on bare hardware
[    0.000000] clocksource: refined-jiffies: mask: 0xffffffff max_cycles: 0xffffffff, max_idle_ns: 7645519600211568 ns
[    0.000000] setup_percpu: NR_CPUS:8192 nr_cpumask_bits:4 nr_cpu_ids:4 nr_node_ids:1
[    0.000000] percpu: Embedded 39 pages/cpu @ffff8d370dc00000 s119768 r8192 d31784 u524288
[    0.000000] pcpu-alloc: s119768 r8192 d31784 u524288 alloc=1*2097152
[    0.000000] pcpu-alloc: [0] 0 1 2 3 
[    0.000000] Built 1 zonelists, mobility grouping on.  Total pages: 8230297
[    0.000000] Policy zone: Normal
[    0.000000] Kernel command line: BOOT_IMAGE=/vmlinuz-4.14.4-041404-generic root=/dev/mapper/ubuntu--gnome--vg-root ro acpi_sleep=nonvs quiet splash initcall_debug no_console_suspend
[    0.000000] PID hash table entries: 4096 (order: 3, 32768 bytes)
[    0.000000] Calgary: detecting Calgary via BIOS EBDA area
[    0.000000] Calgary: Unable to locate Rio Grande table in EBDA - bailing!
[    0.000000] Memory: 32739456K/33443860K available (9610K kernel code, 2488K rwdata, 4132K rodata, 2328K init, 2404K bss, 704404K reserved, 0K cma-reserved)
[    0.000000] SLUB: HWalign=64, Order=0-3, MinObjects=0, CPUs=4, Nodes=1
[    0.000000] ftrace: allocating 38352 entries in 150 pages
[    0.000000] Hierarchical RCU implementation.
[    0.000000] 	RCU restricting CPUs from NR_CPUS=8192 to nr_cpu_ids=4.
[    0.000000] 	Tasks RCU enabled.
[    0.000000] RCU: Adjusting geometry for rcu_fanout_leaf=16, nr_cpu_ids=4
[    0.000000] NR_IRQS: 524544, nr_irqs: 1024, preallocated irqs: 16
[    0.000000] Console: colour dummy device 80x25
[    0.000000] console [tty0] enabled
[    0.000000] clocksource: hpet: mask: 0xffffffff max_cycles: 0xffffffff, max_idle_ns: 79635855245 ns
[    0.000000] hpet clockevent registered
[    0.004000] tsc: Detected 2800.000 MHz processor
[    0.004000] Calibrating delay loop (skipped), value calculated using timer frequency.. 5616.00 BogoMIPS (lpj=11232000)
[    0.004000] pid_max: default: 32768 minimum: 301
[    0.004000] ACPI: Core revision 20170728
[    0.051891] ACPI: 9 ACPI AML tables successfully acquired and loaded
[    0.052769] Security Framework initialized
[    0.052770] Yama: becoming mindful.
[    0.052774] SELinux:  Disabled at boot.
[    0.052775] AppArmor: AppArmor disabled by boot time parameter
[    0.056837] Dentry cache hash table entries: 4194304 (order: 13, 33554432 bytes)
[    0.058830] Inode-cache hash table entries: 2097152 (order: 12, 16777216 bytes)
[    0.058897] Mount-cache hash table entries: 65536 (order: 7, 524288 bytes)
[    0.058960] Mountpoint-cache hash table entries: 65536 (order: 7, 524288 bytes)
[    0.059330] CPU: Physical Processor ID: 0
[    0.059331] CPU: Processor Core ID: 0
[    0.059335] ENERGY_PERF_BIAS: Set to 'normal', was 'performance'
[    0.059335] ENERGY_PERF_BIAS: View and update with x86_energy_perf_policy(8)
[    0.059340] mce: CPU supports 8 MCE banks
[    0.059349] CPU0: Thermal monitoring enabled (TM1)
[    0.059365] process: using mwait in idle threads
[    0.059368] Last level iTLB entries: 4KB 64, 2MB 8, 4MB 8
[    0.059369] Last level dTLB entries: 4KB 64, 2MB 0, 4MB 0, 1GB 4
[    0.060312] Freeing SMP alternatives memory: 36K
[    0.062850] smpboot: Max logical packages: 2
[    0.062855] DMAR: Host address width 39
[    0.062856] DMAR: DRHD base: 0x000000fed90000 flags: 0x0
[    0.062864] DMAR: dmar0: reg_base_addr fed90000 ver 1:0 cap 1c0000c40660462 ecap 7e3ff0505e
[    0.062865] DMAR: DRHD base: 0x000000fed91000 flags: 0x1
[    0.062869] DMAR: dmar1: reg_base_addr fed91000 ver 1:0 cap d2008c40660462 ecap f050da
[    0.062870] DMAR: RMRR base: 0x000000ab5aa000 end: 0x000000ab5c9fff
[    0.062871] DMAR: RMRR base: 0x000000ad800000 end: 0x000000afffffff
[    0.062873] DMAR-IR: IOAPIC id 2 under DRHD base  0xfed91000 IOMMU 1
[    0.062874] DMAR-IR: HPET id 0 under DRHD base 0xfed91000
[    0.062874] DMAR-IR: x2apic is disabled because BIOS sets x2apic opt out bit.
[    0.062875] DMAR-IR: Use 'intremap=no_x2apic_optout' to override the BIOS setting.
[    0.064314] DMAR-IR: Enabled IRQ remapping in xapic mode
[    0.064315] x2apic: IRQ remapping doesn't support X2APIC mode
[    0.068272] ..TIMER: vector=0x30 apic1=0 pin1=2 apic2=-1 pin2=-1
[    0.107986] TSC deadline timer enabled
[    0.107990] smpboot: CPU0: Intel(R) Core(TM) i7-6600U CPU @ 2.60GHz (family: 0x6, model: 0x4e, stepping: 0x3)
[    0.108000] calling  trace_init_flags_sys_exit+0x0/0x14 @ 1
[    0.108000] initcall trace_init_flags_sys_exit+0x0/0x14 returned 0 after 0 usecs
[    0.108000] calling  trace_init_flags_sys_enter+0x0/0x14 @ 1
[    0.108000] initcall trace_init_flags_sys_enter+0x0/0x14 returned 0 after 0 usecs
[    0.108000] calling  init_hw_perf_events+0x0/0x5d0 @ 1
[    0.108000] Performance Events: PEBS fmt3+, Skylake events, 32-deep LBR, full-width counters, Intel PMU driver.
[    0.108000] ... version:                4
[    0.108000] ... bit width:              48
[    0.108000] ... generic registers:      4
[    0.108000] ... value mask:             0000ffffffffffff
[    0.108000] ... max period:             00007fffffffffff
[    0.108000] ... fixed-purpose events:   3
[    0.108000] ... event mask:             000000070000000f
[    0.108000] initcall init_hw_perf_events+0x0/0x5d0 returned 0 after 0 usecs
[    0.108000] calling  init_real_mode+0x0/0x1ce @ 1
[    0.108000] initcall init_real_mode+0x0/0x1ce returned 0 after 0 usecs
[    0.108000] calling  trace_init_perf_perm_irq_work_exit+0x0/0x18 @ 1
[    0.108000] initcall trace_init_perf_perm_irq_work_exit+0x0/0x18 returned 0 after 0 usecs
[    0.108000] calling  register_nmi_cpu_backtrace_handler+0x0/0x1b @ 1
[    0.108000] initcall register_nmi_cpu_backtrace_handler+0x0/0x1b returned 0 after 0 usecs
[    0.108000] calling  numachip_system_init+0x0/0x6c @ 1
[    0.108000] initcall numachip_system_init+0x0/0x6c returned 0 after 0 usecs
[    0.108000] calling  early_efi_map_fb+0x0/0x3d @ 1
[    0.108000] initcall early_efi_map_fb+0x0/0x3d returned 0 after 0 usecs
[    0.108000] calling  spawn_ksoftirqd+0x0/0x45 @ 1
[    0.108000] initcall spawn_ksoftirqd+0x0/0x45 returned 0 after 0 usecs
[    0.108000] calling  migration_init+0x0/0x39 @ 1
[    0.108000] initcall migration_init+0x0/0x39 returned 0 after 0 usecs
[    0.108000] calling  check_cpu_stall_init+0x0/0x20 @ 1
[    0.108000] initcall check_cpu_stall_init+0x0/0x20 returned 0 after 0 usecs
[    0.108000] calling  srcu_bootup_announce+0x0/0x35 @ 1
[    0.108000] Hierarchical SRCU implementation.
[    0.108000] initcall srcu_bootup_announce+0x0/0x35 returned 0 after 0 usecs
[    0.108000] calling  rcu_spawn_gp_kthread+0x0/0x129 @ 1
[    0.108000] initcall rcu_spawn_gp_kthread+0x0/0x129 returned 0 after 0 usecs
[    0.108000] calling  cpu_stop_init+0x0/0x92 @ 1
[    0.108000] initcall cpu_stop_init+0x0/0x92 returned 0 after 0 usecs
[    0.108000] calling  init_events+0x0/0x49 @ 1
[    0.108000] initcall init_events+0x0/0x49 returned 0 after 0 usecs
[    0.108000] calling  init_trace_printk+0x0/0x12 @ 1
[    0.108000] initcall init_trace_printk+0x0/0x12 returned 0 after 0 usecs
[    0.108000] calling  event_trace_enable_again+0x0/0x44 @ 1
[    0.108000] initcall event_trace_enable_again+0x0/0x44 returned 0 after 0 usecs
[    0.108000] calling  jump_label_init_module+0x0/0x17 @ 1
[    0.108000] initcall jump_label_init_module+0x0/0x17 returned 0 after 0 usecs
[    0.108000] calling  dynamic_debug_init+0x0/0x26b @ 1
[    0.108000] initcall dynamic_debug_init+0x0/0x26b returned 0 after 0 usecs
[    0.108000] calling  rand_initialize+0x0/0x100 @ 1
[    0.108000] initcall rand_initialize+0x0/0x100 returned 0 after 0 usecs
[    0.108000] smp: Bringing up secondary CPUs ...
[    0.108000] x86: Booting SMP configuration:
[    0.108000] .... node  #0, CPUs:      #1
[    0.108000] NMI watchdog: Enabled. Permanently consumes one hw-PMU counter.
[    0.108000]  #2 #3
[    0.108000] smp: Brought up 1 node, 4 CPUs
[    0.108000] smpboot: Total of 4 processors activated (22464.00 BogoMIPS)
[    0.108661] devtmpfs: initialized
[    0.108661] x86/mm: Memory block size: 128MB
[    0.110236] calling  ipc_ns_init+0x0/0x5c @ 1
[    0.110239] initcall ipc_ns_init+0x0/0x5c returned 0 after 0 usecs
[    0.110241] calling  init_mmap_min_addr+0x0/0x1b @ 1
[    0.110242] initcall init_mmap_min_addr+0x0/0x1b returned 0 after 0 usecs
[    0.110244] calling  evm_display_config+0x0/0x37 @ 1
[    0.110245] evm: security.selinux
[    0.110245] evm: security.SMACK64
[    0.110246] evm: security.SMACK64EXEC
[    0.110246] evm: security.SMACK64TRANSMUTE
[    0.110247] evm: security.SMACK64MMAP
[    0.110247] evm: security.ima
[    0.110248] evm: security.capability
[    0.110249] initcall evm_display_config+0x0/0x37 returned 0 after 0 usecs
[    0.110251] calling  init_cpufreq_transition_notifier_list+0x0/0x20 @ 1
[    0.110256] initcall init_cpufreq_transition_notifier_list+0x0/0x20 returned 0 after 0 usecs
[    0.110258] calling  net_ns_init+0x0/0x13f @ 1
[    0.110269] initcall net_ns_init+0x0/0x13f returned 0 after 0 usecs
[    0.110269] calling  xen_pvh_gnttab_setup+0x0/0x3a @ 1
[    0.110269] initcall xen_pvh_gnttab_setup+0x0/0x3a returned -19 after 0 usecs
[    0.110269] calling  e820__register_nvs_regions+0x0/0x3d @ 1
[    0.110269] PM: Registering ACPI NVS region [mem 0x9d773000-0x9d773fff] (4096 bytes)
[    0.110269] PM: Registering ACPI NVS region [mem 0xab840000-0xabe6bfff] (6471680 bytes)
[    0.110269] initcall e820__register_nvs_regions+0x0/0x3d returned 0 after 0 usecs
[    0.110269] calling  cpufreq_register_tsc_scaling+0x0/0x32 @ 1
[    0.110269] initcall cpufreq_register_tsc_scaling+0x0/0x32 returned 0 after 0 usecs
[    0.110269] calling  init_cpu_syscore+0x0/0x14 @ 1
[    0.110269] initcall init_cpu_syscore+0x0/0x14 returned 0 after 0 usecs
[    0.110269] calling  reboot_init+0x0/0x45 @ 1
[    0.110269] initcall reboot_init+0x0/0x45 returned 0 after 0 usecs
[    0.110269] calling  init_lapic_sysfs+0x0/0x29 @ 1
[    0.110269] initcall init_lapic_sysfs+0x0/0x29 returned 0 after 0 usecs
[    0.110269] calling  cpu_hotplug_pm_sync_init+0x0/0x19 @ 1
[    0.110269] initcall cpu_hotplug_pm_sync_init+0x0/0x19 returned 0 after 0 usecs
[    0.110269] calling  alloc_frozen_cpus+0x0/0x23 @ 1
[    0.110269] initcall alloc_frozen_cpus+0x0/0x23 returned 0 after 0 usecs
[    0.110269] calling  wq_sysfs_init+0x0/0x30 @ 1
[    0.110269] initcall wq_sysfs_init+0x0/0x30 returned 0 after 0 usecs
[    0.110269] calling  ksysfs_init+0x0/0x9c @ 1
[    0.110269] initcall ksysfs_init+0x0/0x9c returned 0 after 0 usecs
[    0.110269] calling  pm_init+0x0/0x7e @ 1
[    0.110269] initcall pm_init+0x0/0x7e returned 0 after 0 usecs
[    0.110269] calling  pm_disk_init+0x0/0x1e @ 1
[    0.110269] initcall pm_disk_init+0x0/0x1e returned 0 after 0 usecs
[    0.110269] calling  swsusp_header_init+0x0/0x40 @ 1
[    0.110269] initcall swsusp_header_init+0x0/0x40 returned 0 after 0 usecs
[    0.110269] calling  rcu_set_runtime_mode+0x0/0x17 @ 1
[    0.110269] initcall rcu_set_runtime_mode+0x0/0x17 returned 0 after 0 usecs
[    0.110269] calling  init_jiffies_clocksource+0x0/0x1e @ 1
[    0.110269] clocksource: jiffies: mask: 0xffffffff max_cycles: 0xffffffff, max_idle_ns: 7645041785100000 ns
[    0.110269] initcall init_jiffies_clocksource+0x0/0x1e returned 0 after 0 usecs
[    0.110269] calling  futex_init+0x0/0xfd @ 1
[    0.110269] futex hash table entries: 1024 (order: 4, 65536 bytes)
[    0.110269] initcall futex_init+0x0/0xfd returned 0 after 0 usecs
[    0.110269] calling  cgroup_wq_init+0x0/0x33 @ 1
[    0.110269] initcall cgroup_wq_init+0x0/0x33 returned 0 after 0 usecs
[    0.110269] calling  cgroup1_wq_init+0x0/0x33 @ 1
[    0.110269] initcall cgroup1_wq_init+0x0/0x33 returned 0 after 0 usecs
[    0.110269] calling  ftrace_mod_cmd_init+0x0/0x12 @ 1
[    0.110269] initcall ftrace_mod_cmd_init+0x0/0x12 returned 0 after 0 usecs
[    0.110269] calling  init_wakeup_tracer+0x0/0x32 @ 1
[    0.110269] initcall init_wakeup_tracer+0x0/0x32 returned 0 after 0 usecs
[    0.110269] calling  init_graph_trace+0x0/0x64 @ 1
[    0.110269] initcall init_graph_trace+0x0/0x64 returned 0 after 0 usecs
[    0.110269] calling  init_per_zone_wmark_min+0x0/0x75 @ 1
[    0.110269] initcall init_per_zone_wmark_min+0x0/0x75 returned 0 after 0 usecs
[    0.110269] calling  init_zero_pfn+0x0/0x3d @ 1
[    0.110269] initcall init_zero_pfn+0x0/0x3d returned 0 after 0 usecs
[    0.110269] calling  memory_failure_init+0x0/0xa6 @ 1
[    0.110269] initcall memory_failure_init+0x0/0xa6 returned 0 after 0 usecs
[    0.110269] calling  cma_init_reserved_areas+0x0/0x1f7 @ 1
[    0.110269] initcall cma_init_reserved_areas+0x0/0x1f7 returned 0 after 0 usecs
[    0.110269] calling  fsnotify_init+0x0/0x4e @ 1
[    0.110269] initcall fsnotify_init+0x0/0x4e returned 0 after 0 usecs
[    0.110269] calling  filelock_init+0x0/0x91 @ 1
[    0.110269] initcall filelock_init+0x0/0x91 returned 0 after 0 usecs
[    0.110269] calling  init_script_binfmt+0x0/0x1b @ 1
[    0.110269] initcall init_script_binfmt+0x0/0x1b returned 0 after 0 usecs
[    0.110269] calling  init_elf_binfmt+0x0/0x1b @ 1
[    0.110269] initcall init_elf_binfmt+0x0/0x1b returned 0 after 0 usecs
[    0.110269] calling  init_compat_elf_binfmt+0x0/0x1b @ 1
[    0.110269] initcall init_compat_elf_binfmt+0x0/0x1b returned 0 after 0 usecs
[    0.110269] calling  configfs_init+0x0/0x99 @ 1
[    0.110269] initcall configfs_init+0x0/0x99 returned 0 after 0 usecs
[    0.110269] calling  debugfs_init+0x0/0x55 @ 1
[    0.110269] initcall debugfs_init+0x0/0x55 returned 0 after 0 usecs
[    0.110269] calling  tracefs_init+0x0/0x40 @ 1
[    0.110269] initcall tracefs_init+0x0/0x40 returned 0 after 0 usecs
[    0.110269] calling  securityfs_init+0x0/0x6e @ 1
[    0.110269] initcall securityfs_init+0x0/0x6e returned 0 after 0 usecs
[    0.110269] calling  prandom_init+0x0/0xbb @ 1
[    0.110269] initcall prandom_init+0x0/0xbb returned 0 after 0 usecs
[    0.110269] calling  pinctrl_init+0x0/0xb3 @ 1
[    0.110269] pinctrl core: initialized pinctrl subsystem
[    0.110269] initcall pinctrl_init+0x0/0xb3 returned 0 after 0 usecs
[    0.110269] calling  gpiolib_dev_init+0x0/0xd5 @ 1
[    0.110269] initcall gpiolib_dev_init+0x0/0xd5 returned 0 after 0 usecs
[    0.110269] calling  sfi_sysfs_init+0x0/0xd8 @ 1
[    0.110269] initcall sfi_sysfs_init+0x0/0xd8 returned 0 after 0 usecs
[    0.110269] calling  virtio_init+0x0/0x30 @ 1
[    0.110269] initcall virtio_init+0x0/0x30 returned 0 after 0 usecs
[    0.110269] calling  regulator_init+0x0/0x91 @ 1
[    0.110269] initcall regulator_init+0x0/0x91 returned 0 after 0 usecs
[    0.110269] calling  iommu_init+0x0/0x30 @ 1
[    0.110269] initcall iommu_init+0x0/0x30 returned 0 after 0 usecs
[    0.110269] calling  early_resume_init+0x0/0xd0 @ 1
[    0.110269] RTC time: 19:58:59, date: 12/09/17
[    0.110269] initcall early_resume_init+0x0/0xd0 returned 0 after 0 usecs
[    0.110269] calling  opp_debug_init+0x0/0x41 @ 1
[    0.110269] initcall opp_debug_init+0x0/0x41 returned 0 after 0 usecs
[    0.110269] calling  cpufreq_core_init+0x0/0x51 @ 1
[    0.110269] initcall cpufreq_core_init+0x0/0x51 returned 0 after 0 usecs
[    0.110269] calling  cpuidle_init+0x0/0x40 @ 1
[    0.110269] initcall cpuidle_init+0x0/0x40 returned 0 after 0 usecs
[    0.110269] calling  capsule_reboot_register+0x0/0x17 @ 1
[    0.110269] initcall capsule_reboot_register+0x0/0x17 returned 0 after 0 usecs
[    0.110269] calling  bsp_pm_check_init+0x0/0x19 @ 1
[    0.110269] initcall bsp_pm_check_init+0x0/0x19 returned 0 after 0 usecs
[    0.110269] calling  sock_init+0x0/0x9f @ 1
[    0.112747] initcall sock_init+0x0/0x9f returned 0 after 3906 usecs
[    0.112749] calling  net_inuse_init+0x0/0x29 @ 1
[    0.112752] initcall net_inuse_init+0x0/0x29 returned 0 after 0 usecs
[    0.112754] calling  net_defaults_init+0x0/0x29 @ 1
[    0.112756] initcall net_defaults_init+0x0/0x29 returned 0 after 0 usecs
[    0.112758] calling  init_default_flow_dissectors+0x0/0x55 @ 1
[    0.112761] initcall init_default_flow_dissectors+0x0/0x55 returned 0 after 0 usecs
[    0.112763] calling  netpoll_init+0x0/0x2d @ 1
[    0.112765] initcall netpoll_init+0x0/0x2d returned 0 after 0 usecs
[    0.112766] calling  netlink_proto_init+0x0/0x16c @ 1
[    0.112785] NET: Registered protocol family 16
[    0.112791] initcall netlink_proto_init+0x0/0x16c returned 0 after 0 usecs
[    0.112793] calling  __gnttab_init+0x0/0x40 @ 1
[    0.112794] initcall __gnttab_init+0x0/0x40 returned -19 after 0 usecs
[    0.112824] calling  irq_sysfs_init+0x0/0x9b @ 1
[    0.112882] initcall irq_sysfs_init+0x0/0x9b returned 0 after 0 usecs
[    0.112884] calling  bdi_class_init+0x0/0x4e @ 1
[    0.112889] initcall bdi_class_init+0x0/0x4e returned 0 after 0 usecs
[    0.112891] calling  mm_sysfs_init+0x0/0x2e @ 1
[    0.112893] initcall mm_sysfs_init+0x0/0x2e returned 0 after 0 usecs
[    0.112895] calling  gpiolib_sysfs_init+0x0/0xaa @ 1
[    0.112899] initcall gpiolib_sysfs_init+0x0/0xaa returned 0 after 0 usecs
[    0.112901] calling  pcibus_class_init+0x0/0x1e @ 1
[    0.112905] initcall pcibus_class_init+0x0/0x1e returned 0 after 0 usecs
[    0.112907] calling  pci_driver_init+0x0/0x17 @ 1
[    0.112913] initcall pci_driver_init+0x0/0x17 returned 0 after 0 usecs
[    0.112914] calling  rio_bus_init+0x0/0x45 @ 1
[    0.112921] initcall rio_bus_init+0x0/0x45 returned 0 after 0 usecs
[    0.112922] calling  backlight_class_init+0x0/0xac @ 1
[    0.112924] initcall backlight_class_init+0x0/0xac returned 0 after 0 usecs
[    0.112926] calling  xenbus_init+0x0/0x2d1 @ 1
[    0.112928] initcall xenbus_init+0x0/0x2d1 returned -19 after 0 usecs
[    0.112930] calling  tty_class_init+0x0/0x39 @ 1
[    0.112933] initcall tty_class_init+0x0/0x39 returned 0 after 0 usecs
[    0.112935] calling  vtconsole_class_init+0x0/0xe3 @ 1
[    0.112951] initcall vtconsole_class_init+0x0/0xe3 returned 0 after 0 usecs
[    0.112953] calling  iommu_dev_init+0x0/0x1e @ 1
[    0.112955] initcall iommu_dev_init+0x0/0x1e returned 0 after 0 usecs
[    0.112957] calling  mipi_dsi_bus_init+0x0/0x17 @ 1
[    0.112962] initcall mipi_dsi_bus_init+0x0/0x17 returned 0 after 0 usecs
[    0.112964] calling  wakeup_sources_debugfs_init+0x0/0x29 @ 1
[    0.112966] initcall wakeup_sources_debugfs_init+0x0/0x29 returned 0 after 0 usecs
[    0.112968] calling  isa_bus_init+0x0/0x3e @ 1
[    0.112978] initcall isa_bus_init+0x0/0x3e returned 0 after 0 usecs
[    0.112979] calling  register_node_type+0x0/0x34 @ 1
[    0.112991] initcall register_node_type+0x0/0x34 returned 0 after 0 usecs
[    0.112992] calling  regmap_initcall+0x0/0x12 @ 1
[    0.112995] initcall regmap_initcall+0x0/0x12 returned 0 after 0 usecs
[    0.112996] calling  sram_init+0x0/0x19 @ 1
[    0.113001] initcall sram_init+0x0/0x19 returned 0 after 0 usecs
[    0.113002] calling  syscon_init+0x0/0x19 @ 1
[    0.113007] initcall syscon_init+0x0/0x19 returned 0 after 0 usecs
[    0.113008] calling  spi_init+0x0/0xc5 @ 1
[    0.113017] initcall spi_init+0x0/0xc5 returned 0 after 0 usecs
[    0.113018] calling  i2c_init+0x0/0xb9 @ 1
[    0.113027] initcall i2c_init+0x0/0xb9 returned 0 after 0 usecs
[    0.113028] calling  init_ladder+0x0/0x2a @ 1
[    0.113036] cpuidle: using governor ladder
[    0.113036] initcall init_ladder+0x0/0x2a returned 0 after 0 usecs
[    0.113036] calling  init_menu+0x0/0x17 @ 1
[    0.113036] cpuidle: using governor menu
[    0.113036] initcall init_menu+0x0/0x17 returned 0 after 0 usecs
[    0.113036] calling  pcc_init+0x0/0x35c @ 1
[    0.113036] initcall pcc_init+0x0/0x35c returned -19 after 0 usecs
[    0.113036] calling  amd_postcore_init+0x0/0x117 @ 1
[    0.113036] initcall amd_postcore_init+0x0/0x117 returned 0 after 0 usecs
[    0.113036] calling  kobject_uevent_init+0x0/0x12 @ 1
[    0.113036] initcall kobject_uevent_init+0x0/0x12 returned 0 after 0 usecs
[    0.113036] calling  bts_init+0x0/0xb0 @ 1
[    0.113036] initcall bts_init+0x0/0xb0 returned 0 after 0 usecs
[    0.113036] calling  pt_init+0x0/0x352 @ 1
[    0.113036] initcall pt_init+0x0/0x352 returned 0 after 0 usecs
[    0.113036] calling  boot_params_ksysfs_init+0x0/0x273 @ 1
[    0.113036] initcall boot_params_ksysfs_init+0x0/0x273 returned 0 after 0 usecs
[    0.113036] calling  sbf_init+0x0/0xd2 @ 1
[    0.113036] initcall sbf_init+0x0/0xd2 returned 0 after 0 usecs
[    0.113036] calling  arch_kdebugfs_init+0x0/0x29 @ 1
[    0.113036] initcall arch_kdebugfs_init+0x0/0x29 returned 0 after 0 usecs
[    0.113036] calling  mtrr_if_init+0x0/0x64 @ 1
[    0.113036] initcall mtrr_if_init+0x0/0x64 returned 0 after 0 usecs
[    0.113036] calling  ffh_cstate_init+0x0/0x30 @ 1
[    0.113036] initcall ffh_cstate_init+0x0/0x30 returned 0 after 0 usecs
[    0.113036] calling  activate_jump_labels+0x0/0x3a @ 1
[    0.113036] initcall activate_jump_labels+0x0/0x3a returned 0 after 0 usecs
[    0.113036] calling  gigantic_pages_init+0x0/0x37 @ 1
[    0.113036] initcall gigantic_pages_init+0x0/0x37 returned 0 after 0 usecs
[    0.113036] calling  kcmp_cookies_init+0x0/0x3d @ 1
[    0.113036] initcall kcmp_cookies_init+0x0/0x3d returned 0 after 0 usecs
[    0.113036] calling  acpi_pci_init+0x0/0x67 @ 1
[    0.113036] ACPI FADT declares the system doesn't support PCIe ASPM, so disable it
[    0.113036] ACPI: bus type PCI registered
[    0.113036] acpiphp: ACPI Hot Plug PCI Controller Driver version: 0.5
[    0.113036] initcall acpi_pci_init+0x0/0x67 returned 0 after 0 usecs
[    0.113036] calling  dma_bus_init+0x0/0xdd @ 1
[    0.113036] initcall dma_bus_init+0x0/0xdd returned 0 after 0 usecs
[    0.113036] calling  dma_channel_table_init+0x0/0xdc @ 1
[    0.113036] initcall dma_channel_table_init+0x0/0xdc returned 0 after 0 usecs
[    0.113036] calling  setup_vcpu_hotplug_event+0x0/0x31 @ 1
[    0.113036] initcall setup_vcpu_hotplug_event+0x0/0x31 returned -19 after 0 usecs
[    0.113036] calling  register_xen_pci_notifier+0x0/0x3c @ 1
[    0.113036] initcall register_xen_pci_notifier+0x0/0x3c returned 0 after 0 usecs
[    0.113036] calling  xen_pcpu_init+0x0/0xc5 @ 1
[    0.113036] initcall xen_pcpu_init+0x0/0xc5 returned -19 after 0 usecs
[    0.113036] calling  dmi_id_init+0x0/0x322 @ 1
[    0.113036] initcall dmi_id_init+0x0/0x322 returned 0 after 0 usecs
[    0.113036] calling  numachip_timer_init+0x0/0x5a @ 1
[    0.113036] initcall numachip_timer_init+0x0/0x5a returned -19 after 0 usecs
[    0.113036] calling  silead_ts_dmi_init+0x0/0x5e @ 1
[    0.113036] initcall silead_ts_dmi_init+0x0/0x5e returned 0 after 0 usecs
[    0.113036] calling  pci_arch_init+0x0/0x6b @ 1
[    0.113036] PCI: MMCONFIG for domain 0000 [bus 00-7f] at [mem 0xf0000000-0xf7ffffff] (base 0xf0000000)
[    0.113036] PCI: MMCONFIG at [mem 0xf0000000-0xf7ffffff] reserved in E820
[    0.113036] PCI: Using configuration type 1 for base access
[    0.113036] initcall pci_arch_init+0x0/0x6b returned 0 after 0 usecs
[    0.113036] calling  init_vdso+0x0/0x46 @ 1
[    0.113036] initcall init_vdso+0x0/0x46 returned 0 after 0 usecs
[    0.113036] calling  sysenter_setup+0x0/0x19 @ 1
[    0.113036] initcall sysenter_setup+0x0/0x19 returned 0 after 0 usecs
[    0.113036] calling  fixup_ht_bug+0x0/0xa9 @ 1
[    0.113036] initcall fixup_ht_bug+0x0/0xa9 returned 0 after 0 usecs
[    0.113036] calling  topology_init+0x0/0xc3 @ 1
[    0.113036] initcall topology_init+0x0/0xc3 returned 0 after 0 usecs
[    0.113036] calling  mtrr_init_finialize+0x0/0x47 @ 1
[    0.113036] initcall mtrr_init_finialize+0x0/0x47 returned 0 after 0 usecs
[    0.113036] calling  uid_cache_init+0x0/0x91 @ 1
[    0.113036] initcall uid_cache_init+0x0/0x91 returned 0 after 0 usecs
[    0.113036] calling  param_sysfs_init+0x0/0x220 @ 1
[    0.113352] initcall param_sysfs_init+0x0/0x220 returned 0 after 0 usecs
[    0.113354] calling  user_namespace_sysctl_init+0x0/0x39 @ 1
[    0.113363] initcall user_namespace_sysctl_init+0x0/0x39 returned 0 after 0 usecs
[    0.113364] calling  proc_schedstat_init+0x0/0x24 @ 1
[    0.113367] initcall proc_schedstat_init+0x0/0x24 returned 0 after 0 usecs
[    0.113368] calling  pm_sysrq_init+0x0/0x1e @ 1
[    0.113376] initcall pm_sysrq_init+0x0/0x1e returned 0 after 0 usecs
[    0.113376] calling  create_proc_profile+0x0/0xe0 @ 1
[    0.113376] initcall create_proc_profile+0x0/0xe0 returned 0 after 0 usecs
[    0.113376] calling  crash_save_vmcoreinfo_init+0x0/0x5d0 @ 1
[    0.113376] initcall crash_save_vmcoreinfo_init+0x0/0x5d0 returned 0 after 0 usecs
[    0.113376] calling  crash_notes_memory_init+0x0/0x3b @ 1
[    0.113376] initcall crash_notes_memory_init+0x0/0x3b returned 0 after 0 usecs
[    0.113376] calling  cgroup_namespaces_init+0x0/0xd @ 1
[    0.113376] initcall cgroup_namespaces_init+0x0/0xd returned 0 after 0 usecs
[    0.113376] calling  user_namespaces_init+0x0/0x32 @ 1
[    0.113376] initcall user_namespaces_init+0x0/0x32 returned 0 after 0 usecs
[    0.113376] calling  hung_task_init+0x0/0x54 @ 1
[    0.113376] initcall hung_task_init+0x0/0x54 returned 0 after 0 usecs
[    0.113376] calling  dev_map_init+0x0/0x19 @ 1
[    0.113376] initcall dev_map_init+0x0/0x19 returned 0 after 0 usecs
[    0.113376] calling  oom_init+0x0/0x64 @ 1
[    0.113376] initcall oom_init+0x0/0x64 returned 0 after 0 usecs
[    0.113376] calling  default_bdi_init+0x0/0xb5 @ 1
[    0.113376] initcall default_bdi_init+0x0/0xb5 returned 0 after 0 usecs
[    0.113376] calling  percpu_enable_async+0x0/0x14 @ 1
[    0.113376] initcall percpu_enable_async+0x0/0x14 returned 0 after 0 usecs
[    0.113376] calling  kcompactd_init+0x0/0xa0 @ 1
[    0.113376] initcall kcompactd_init+0x0/0xa0 returned 0 after 0 usecs
[    0.113376] calling  init_reserve_notifier+0x0/0x24 @ 1
[    0.113376] initcall init_reserve_notifier+0x0/0x24 returned 0 after 0 usecs
[    0.113376] calling  init_admin_reserve+0x0/0x40 @ 1
[    0.113376] initcall init_admin_reserve+0x0/0x40 returned 0 after 0 usecs
[    0.113376] calling  init_user_reserve+0x0/0x40 @ 1
[    0.113376] initcall init_user_reserve+0x0/0x40 returned 0 after 0 usecs
[    0.113376] calling  swap_init_sysfs+0x0/0x6a @ 1
[    0.113376] initcall swap_init_sysfs+0x0/0x6a returned 0 after 0 usecs
[    0.113376] calling  swapfile_init+0x0/0xbc @ 1
[    0.113376] initcall swapfile_init+0x0/0xbc returned 0 after 0 usecs
[    0.113376] calling  hugetlb_init+0x0/0x20 @ 1
[    0.113376] HugeTLB registered 1.00 GiB page size, pre-allocated 0 pages
[    0.113376] HugeTLB registered 2.00 MiB page size, pre-allocated 0 pages
[    0.113376] initcall hugetlb_init+0x0/0x20 returned 0 after 0 usecs
[    0.113376] calling  ksm_init+0x0/0x19f @ 1
[    0.113376] initcall ksm_init+0x0/0x19f returned 0 after 0 usecs
[    0.113376] calling  hugepage_init+0x0/0x15b @ 1
[    0.113376] initcall hugepage_init+0x0/0x15b returned 0 after 0 usecs
[    0.113376] calling  mem_cgroup_swap_init+0x0/0x57 @ 1
[    0.113376] initcall mem_cgroup_swap_init+0x0/0x57 returned 0 after 0 usecs
[    0.113376] calling  mem_cgroup_init+0x0/0x15b @ 1
[    0.113376] initcall mem_cgroup_init+0x0/0x15b returned 0 after 0 usecs
[    0.113376] calling  page_idle_init+0x0/0x34 @ 1
[    0.113376] initcall page_idle_init+0x0/0x34 returned 0 after 0 usecs
[    0.113376] calling  sel_ib_pkey_init+0x0/0x4d @ 1
[    0.113376] initcall sel_ib_pkey_init+0x0/0x4d returned 0 after 0 usecs
[    0.113376] calling  crypto_wq_init+0x0/0x36 @ 1
[    0.113376] initcall crypto_wq_init+0x0/0x36 returned 0 after 0 usecs
[    0.113376] calling  cryptomgr_init+0x0/0x17 @ 1
[    0.113376] initcall cryptomgr_init+0x0/0x17 returned 0 after 0 usecs
[    0.113376] calling  init_bio+0x0/0xd9 @ 1
[    0.113376] initcall init_bio+0x0/0xd9 returned 0 after 0 usecs
[    0.113376] calling  blk_settings_init+0x0/0x2f @ 1
[    0.113376] initcall blk_settings_init+0x0/0x2f returned 0 after 0 usecs
[    0.113376] calling  blk_ioc_init+0x0/0x2f @ 1
[    0.113376] initcall blk_ioc_init+0x0/0x2f returned 0 after 0 usecs
[    0.113376] calling  blk_softirq_init+0x0/0x76 @ 1
[    0.113376] initcall blk_softirq_init+0x0/0x76 returned 0 after 0 usecs
[    0.113376] calling  blk_mq_init+0x0/0x2f @ 1
[    0.113376] initcall blk_mq_init+0x0/0x2f returned 0 after 0 usecs
[    0.113376] calling  genhd_device_init+0x0/0x7b @ 1
[    0.113376] initcall genhd_device_init+0x0/0x7b returned 0 after 0 usecs
[    0.113376] calling  irq_poll_setup+0x0/0x71 @ 1
[    0.113376] initcall irq_poll_setup+0x0/0x71 returned 0 after 0 usecs
[    0.113376] calling  sx150x_init+0x0/0x19 @ 1
[    0.113376] initcall sx150x_init+0x0/0x19 returned 0 after 0 usecs
[    0.113376] calling  byt_gpio_init+0x0/0x19 @ 1
[    0.113376] initcall byt_gpio_init+0x0/0x19 returned 0 after 0 usecs
[    0.113376] calling  chv_pinctrl_init+0x0/0x19 @ 1
[    0.113376] initcall chv_pinctrl_init+0x0/0x19 returned 0 after 0 usecs
[    0.113376] calling  gpiolib_debugfs_init+0x0/0x29 @ 1
[    0.113376] initcall gpiolib_debugfs_init+0x0/0x29 returned 0 after 0 usecs
[    0.113376] calling  lp_gpio_init+0x0/0x19 @ 1
[    0.113376] initcall lp_gpio_init+0x0/0x19 returned 0 after 0 usecs
[    0.113376] calling  rc5t583_gpio_init+0x0/0x19 @ 1
[    0.113376] initcall rc5t583_gpio_init+0x0/0x19 returned 0 after 0 usecs
[    0.113376] calling  palmas_gpio_init+0x0/0x19 @ 1
[    0.113376] initcall palmas_gpio_init+0x0/0x19 returned 0 after 0 usecs
[    0.113376] calling  tps6586x_gpio_init+0x0/0x19 @ 1
[    0.113376] initcall tps6586x_gpio_init+0x0/0x19 returned 0 after 0 usecs
[    0.113376] calling  tps65910_gpio_init+0x0/0x19 @ 1
[    0.113376] initcall tps65910_gpio_init+0x0/0x19 returned 0 after 0 usecs
[    0.113376] calling  pwm_debugfs_init+0x0/0x29 @ 1
[    0.113376] initcall pwm_debugfs_init+0x0/0x29 returned 0 after 0 usecs
[    0.113376] calling  pwm_sysfs_init+0x0/0x1e @ 1
[    0.113376] initcall pwm_sysfs_init+0x0/0x1e returned 0 after 0 usecs
[    0.113376] calling  pci_slot_init+0x0/0x50 @ 1
[    0.113376] initcall pci_slot_init+0x0/0x50 returned 0 after 0 usecs
[    0.113376] calling  fbmem_init+0x0/0xda @ 1
[    0.113376] initcall fbmem_init+0x0/0xda returned 0 after 0 usecs
[    0.113376] calling  scan_for_dmi_ipmi+0x0/0xfb @ 1
[    0.113376] initcall scan_for_dmi_ipmi+0x0/0xfb returned 0 after 0 usecs
[    0.113376] calling  acpi_init+0x0/0x35b @ 1
[    0.113376] ACPI: Added _OSI(Module Device)
[    0.113376] ACPI: Added _OSI(Processor Device)
[    0.113376] ACPI: Added _OSI(3.0 _SCP Extensions)
[    0.113376] ACPI: Added _OSI(Processor Aggregator Device)
[    0.118651] ACPI: Executed 28 blocks of module-level executable AML code
[    0.135303] ACPI: [Firmware Bug]: BIOS _OSI(Linux) query ignored
[    0.146317] ACPI: Dynamic OEM Table Load:
[    0.146326] ACPI: SSDT 0xFFFF8D36E95C5000 0006A2 (v02 PmRef  Cpu0Ist  00003000 INTL 20120913)
[    0.146676] ACPI: \_PR_.CPU0: _OSC native thermal LVT Acked
[    0.148325] ACPI: Dynamic OEM Table Load:
[    0.148331] ACPI: SSDT 0xFFFF8D36E96D2000 00037F (v02 PmRef  Cpu0Cst  00003001 INTL 20120913)
[    0.149486] ACPI: Dynamic OEM Table Load:
[    0.149492] ACPI: SSDT 0xFFFF8D36E95C3800 0005AA (v02 PmRef  ApIst    00003000 INTL 20120913)
[    0.150343] ACPI: Dynamic OEM Table Load:
[    0.150348] ACPI: SSDT 0xFFFF8D36E96CF000 000119 (v02 PmRef  ApCst    00003000 INTL 20120913)
[    0.153246] ACPI: EC: EC started
[    0.153247] ACPI: EC: interrupt blocked
[    0.160199] ACPI: \_SB_.PCI0.LPCB.ECDV: Used as first EC
[    0.160201] ACPI: \_SB_.PCI0.LPCB.ECDV: GPE=0x14, EC_CMD/EC_SC=0x934, EC_DATA=0x930
[    0.160202] ACPI: \_SB_.PCI0.LPCB.ECDV: Used as boot DSDT EC to handle transactions
[    0.160203] ACPI: Interpreter enabled
[    0.160253] ACPI: (supports S0 S3 S4 S5)
[    0.160254] ACPI: Using IOAPIC for interrupt routing
[    0.160300] PCI: Using host bridge windows from ACPI; if necessary, use "pci=nocrs" and report a bug
[    0.161101] ACPI: Enabled 8 GPEs in block 00 to 7F
[    0.164839] ACPI: Power Resource [PG00] (on)
[    0.165321] ACPI: Power Resource [PG01] (on)
[    0.165784] ACPI: Power Resource [PG02] (on)
[    0.171842] ACPI: Power Resource [WRST] (off)
[    0.172332] ACPI: Power Resource [WRST] (off)
[    0.172818] ACPI: Power Resource [WRST] (off)
[    0.173299] ACPI: Power Resource [WRST] (off)
[    0.173779] ACPI: Power Resource [WRST] (off)
[    0.174252] ACPI: Power Resource [WRST] (off)
[    0.174723] ACPI: Power Resource [WRST] (off)
[    0.175190] ACPI: Power Resource [WRST] (off)
[    0.175660] ACPI: Power Resource [WRST] (off)
[    0.176592] ACPI: Power Resource [WRST] (off)
[    0.177394] ACPI: Power Resource [WRST] (off)
[    0.177861] ACPI: Power Resource [WRST] (off)
[    0.178331] ACPI: Power Resource [WRST] (off)
[    0.178801] ACPI: Power Resource [WRST] (off)
[    0.179276] ACPI: Power Resource [WRST] (off)
[    0.179759] ACPI: Power Resource [WRST] (off)
[    0.180235] ACPI: Power Resource [WRST] (off)
[    0.180707] ACPI: Power Resource [WRST] (off)
[    0.181178] ACPI: Power Resource [WRST] (off)
[    0.181648] ACPI: Power Resource [WRST] (off)
[    0.206914] ACPI: PCI Root Bridge [PCI0] (domain 0000 [bus 00-7e])
[    0.206920] acpi PNP0A08:00: _OSC: OS supports [ExtendedConfig ASPM ClockPM Segments MSI]
[    0.208826] acpi PNP0A08:00: _OSC: OS now controls [PCIeHotplug PME AER PCIeCapability]
[    0.208827] acpi PNP0A08:00: FADT indicates ASPM is unsupported, using BIOS configuration
[    0.209817] PCI host bridge to bus 0000:00
[    0.209819] pci_bus 0000:00: root bus resource [io  0x0000-0x0cf7 window]
[    0.209820] pci_bus 0000:00: root bus resource [io  0x0d00-0xffff window]
[    0.209821] pci_bus 0000:00: root bus resource [mem 0x000a0000-0x000bffff window]
[    0.209822] pci_bus 0000:00: root bus resource [mem 0xb0000000-0xefffffff window]
[    0.209823] pci_bus 0000:00: root bus resource [mem 0xfd000000-0xfe7fffff window]
[    0.209825] pci_bus 0000:00: root bus resource [bus 00-7e]
[    0.209832] pci 0000:00:00.0: [8086:1904] type 00 class 0x060000
[    0.209982] pci 0000:00:02.0: [8086:1916] type 00 class 0x030000
[    0.209993] pci 0000:00:02.0: reg 0x10: [mem 0xe0000000-0xe0ffffff 64bit]
[    0.209999] pci 0000:00:02.0: reg 0x18: [mem 0xd0000000-0xdfffffff 64bit pref]
[    0.210003] pci 0000:00:02.0: reg 0x20: [io  0xf000-0xf03f]
[    0.210182] pci 0000:00:04.0: [8086:1903] type 00 class 0x118000
[    0.210194] pci 0000:00:04.0: reg 0x10: [mem 0xe1340000-0xe1347fff 64bit]
[    0.210435] pci 0000:00:14.0: [8086:9d2f] type 00 class 0x0c0330
[    0.210458] pci 0000:00:14.0: reg 0x10: [mem 0xe1330000-0xe133ffff 64bit]
[    0.210532] pci 0000:00:14.0: PME# supported from D3hot D3cold
[    0.210706] pci 0000:00:14.2: [8086:9d31] type 00 class 0x118000
[    0.210729] pci 0000:00:14.2: reg 0x10: [mem 0xe1357000-0xe1357fff 64bit]
[    0.210924] pci 0000:00:16.0: [8086:9d3a] type 00 class 0x078000
[    0.210943] pci 0000:00:16.0: reg 0x10: [mem 0xe1356000-0xe1356fff 64bit]
[    0.210999] pci 0000:00:16.0: PME# supported from D3hot
[    0.211159] pci 0000:00:16.3: [8086:9d3d] type 00 class 0x070002
[    0.211174] pci 0000:00:16.3: reg 0x10: [io  0xf0a0-0xf0a7]
[    0.211180] pci 0000:00:16.3: reg 0x14: [mem 0xe1355000-0xe1355fff]
[    0.211352] pci 0000:00:17.0: [8086:282a] type 00 class 0x010400
[    0.211369] pci 0000:00:17.0: reg 0x10: [mem 0xe1350000-0xe1351fff]
[    0.211376] pci 0000:00:17.0: reg 0x14: [mem 0xe1354000-0xe13540ff]
[    0.211383] pci 0000:00:17.0: reg 0x18: [io  0xf090-0xf097]
[    0.211390] pci 0000:00:17.0: reg 0x1c: [io  0xf080-0xf083]
[    0.211397] pci 0000:00:17.0: reg 0x20: [io  0xf060-0xf07f]
[    0.211404] pci 0000:00:17.0: reg 0x24: [mem 0xe1353000-0xe13537ff]
[    0.211444] pci 0000:00:17.0: PME# supported from D3hot
[    0.211625] pci 0000:00:1c.0: [8086:9d14] type 01 class 0x060400
[    0.211706] pci 0000:00:1c.0: PME# supported from D0 D3hot D3cold
[    0.211936] pci 0000:00:1c.5: [8086:9d15] type 01 class 0x060400
[    0.212016] pci 0000:00:1c.5: PME# supported from D0 D3hot D3cold
[    0.212234] pci 0000:00:1d.0: [8086:9d1a] type 01 class 0x060400
[    0.212306] pci 0000:00:1d.0: PME# supported from D0 D3hot D3cold
[    0.212540] pci 0000:00:1f.0: [8086:9d48] type 00 class 0x060100
[    0.212813] pci 0000:00:1f.2: [8086:9d21] type 00 class 0x058000
[    0.212829] pci 0000:00:1f.2: reg 0x10: [mem 0xe134c000-0xe134ffff]
[    0.213047] pci 0000:00:1f.3: [8086:9d70] type 00 class 0x040300
[    0.213076] pci 0000:00:1f.3: reg 0x10: [mem 0xe1348000-0xe134bfff 64bit]
[    0.213110] pci 0000:00:1f.3: reg 0x20: [mem 0xe1320000-0xe132ffff 64bit]
[    0.213164] pci 0000:00:1f.3: PME# supported from D3hot D3cold
[    0.213411] pci 0000:00:1f.4: [8086:9d23] type 00 class 0x0c0500
[    0.213470] pci 0000:00:1f.4: reg 0x10: [mem 0xe1352000-0xe13520ff 64bit]
[    0.213540] pci 0000:00:1f.4: reg 0x20: [io  0xf040-0xf05f]
[    0.213775] pci 0000:00:1f.6: [8086:156f] type 00 class 0x020000
[    0.213800] pci 0000:00:1f.6: reg 0x10: [mem 0xe1300000-0xe131ffff]
[    0.213904] pci 0000:00:1f.6: PME# supported from D0 D3hot D3cold
[    0.214412] pci 0000:01:00.0: [8086:24f3] type 00 class 0x028000
[    0.214508] pci 0000:01:00.0: reg 0x10: [mem 0xe1200000-0xe1201fff 64bit]
[    0.214954] pci 0000:01:00.0: PME# supported from D0 D3hot D3cold
[    0.224539] pci 0000:00:1c.0: PCI bridge to [bus 01]
[    0.224544] pci 0000:00:1c.0:   bridge window [mem 0xe1200000-0xe12fffff]
[    0.224850] pci 0000:02:00.0: [8086:093c] type 00 class 0x028000
[    0.224934] pci 0000:02:00.0: reg 0x10: [mem 0xe1100000-0xe1101fff 64bit]
[    0.225292] pci 0000:02:00.0: PME# supported from D0 D3hot D3cold
[    0.236433] pci 0000:00:1c.5: PCI bridge to [bus 02]
[    0.236438] pci 0000:00:1c.5:   bridge window [mem 0xe1100000-0xe11fffff]
[    0.236520] pci 0000:03:00.0: [10ec:525a] type 00 class 0xff0000
[    0.236563] pci 0000:03:00.0: reg 0x14: [mem 0xe1000000-0xe1000fff]
[    0.236693] pci 0000:03:00.0: supports D1 D2
[    0.236694] pci 0000:03:00.0: PME# supported from D1 D2 D3hot D3cold
[    0.248088] pci 0000:00:1d.0: PCI bridge to [bus 03]
[    0.248093] pci 0000:00:1d.0:   bridge window [mem 0xe1000000-0xe10fffff]
[    0.252195] ACPI: PCI Interrupt Link [LNKA] (IRQs 3 4 5 6 10 *11 12 14 15)
[    0.252272] ACPI: PCI Interrupt Link [LNKB] (IRQs 3 4 5 6 *10 11 12 14 15)
[    0.252346] ACPI: PCI Interrupt Link [LNKC] (IRQs 3 4 5 6 10 *11 12 14 15)
[    0.252420] ACPI: PCI Interrupt Link [LNKD] (IRQs 3 4 5 6 10 *11 12 14 15)
[    0.252493] ACPI: PCI Interrupt Link [LNKE] (IRQs 3 4 5 6 10 *11 12 14 15)
[    0.252567] ACPI: PCI Interrupt Link [LNKF] (IRQs 3 4 5 6 10 *11 12 14 15)
[    0.252640] ACPI: PCI Interrupt Link [LNKG] (IRQs 3 4 5 6 10 *11 12 14 15)
[    0.252714] ACPI: PCI Interrupt Link [LNKH] (IRQs 3 4 5 6 10 *11 12 14 15)
[    0.259265] ACPI: EC: interrupt unblocked
[    0.259277] ACPI: EC: event unblocked
[    0.259300] ACPI: \_SB_.PCI0.LPCB.ECDV: GPE=0x14, EC_CMD/EC_SC=0x934, EC_DATA=0x930
[    0.259302] ACPI: \_SB_.PCI0.LPCB.ECDV: Used as boot DSDT EC to handle transactions and events
[    0.259341] initcall acpi_init+0x0/0x35b returned 0 after 140625 usecs
[    0.259343] calling  pnp_init+0x0/0x17 @ 1
[    0.259350] initcall pnp_init+0x0/0x17 returned 0 after 0 usecs
[    0.259352] calling  balloon_init+0x0/0x1ba @ 1
[    0.259354] initcall balloon_init+0x0/0x1ba returned -19 after 0 usecs
[    0.259357] calling  xen_setup_shutdown_event+0x0/0x40 @ 1
[    0.259358] initcall xen_setup_shutdown_event+0x0/0x40 returned -19 after 0 usecs
[    0.259360] calling  xenbus_probe_backend_init+0x0/0x53 @ 1
[    0.259368] initcall xenbus_probe_backend_init+0x0/0x53 returned 0 after 0 usecs
[    0.259369] calling  xenbus_probe_frontend_init+0x0/0x53 @ 1
[    0.259563] initcall xenbus_probe_frontend_init+0x0/0x53 returned 0 after 0 usecs
[    0.259565] calling  xen_acpi_pad_init+0x0/0x52 @ 1
[    0.259567] initcall xen_acpi_pad_init+0x0/0x52 returned -19 after 0 usecs
[    0.259568] calling  misc_init+0x0/0xbe @ 1
[    0.259573] initcall misc_init+0x0/0xbe returned 0 after 0 usecs
[    0.259574] calling  tpm_init+0x0/0xd6 @ 1
[    0.259580] initcall tpm_init+0x0/0xd6 returned 0 after 0 usecs
[    0.259582] calling  vga_arb_device_init+0x0/0x17d @ 1
[    0.259596] pci 0000:00:02.0: vgaarb: setting as boot VGA device
[    0.259596] pci 0000:00:02.0: vgaarb: VGA device added: decodes=io+mem,owns=io+mem,locks=none
[    0.259596] pci 0000:00:02.0: vgaarb: bridge control possible
[    0.259596] vgaarb: loaded
[    0.259596] initcall vga_arb_device_init+0x0/0x17d returned 0 after 0 usecs
[    0.259596] calling  cn_init+0x0/0xf0 @ 1
[    0.259596] initcall cn_init+0x0/0xf0 returned 0 after 0 usecs
[    0.259596] calling  pm860x_i2c_init+0x0/0x31 @ 1
[    0.259596] initcall pm860x_i2c_init+0x0/0x31 returned 0 after 0 usecs
[    0.259596] calling  wm8400_module_init+0x0/0x31 @ 1
[    0.259596] initcall wm8400_module_init+0x0/0x31 returned 0 after 0 usecs
[    0.259596] calling  wm831x_i2c_init+0x0/0x31 @ 1
[    0.259596] initcall wm831x_i2c_init+0x0/0x31 returned 0 after 0 usecs
[    0.259596] calling  wm831x_spi_init+0x0/0x2d @ 1
[    0.259596] initcall wm831x_spi_init+0x0/0x2d returned 0 after 0 usecs
[    0.259596] calling  wm8350_i2c_init+0x0/0x19 @ 1
[    0.259596] initcall wm8350_i2c_init+0x0/0x19 returned 0 after 0 usecs
[    0.259596] calling  tps65910_i2c_init+0x0/0x19 @ 1
[    0.259596] initcall tps65910_i2c_init+0x0/0x19 returned 0 after 0 usecs
[    0.259596] calling  tps80031_init+0x0/0x19 @ 1
[    0.259596] initcall tps80031_init+0x0/0x19 returned 0 after 0 usecs
[    0.259596] calling  ezx_pcap_init+0x0/0x19 @ 1
[    0.259596] initcall ezx_pcap_init+0x0/0x19 returned 0 after 0 usecs
[    0.259596] calling  da903x_init+0x0/0x19 @ 1
[    0.259596] initcall da903x_init+0x0/0x19 returned 0 after 0 usecs
[    0.259596] calling  da9052_spi_init+0x0/0x31 @ 1
[    0.259596] initcall da9052_spi_init+0x0/0x31 returned 0 after 0 usecs
[    0.259596] calling  da9052_i2c_init+0x0/0x31 @ 1
[    0.259596] initcall da9052_i2c_init+0x0/0x31 returned 0 after 0 usecs
[    0.259596] calling  lp8788_init+0x0/0x19 @ 1
[    0.259596] initcall lp8788_init+0x0/0x19 returned 0 after 0 usecs
[    0.259596] calling  da9055_i2c_init+0x0/0x31 @ 1
[    0.259596] initcall da9055_i2c_init+0x0/0x31 returned 0 after 0 usecs
[    0.259596] calling  max77843_i2c_init+0x0/0x19 @ 1
[    0.259596] initcall max77843_i2c_init+0x0/0x19 returned 0 after 0 usecs
[    0.259596] calling  max8925_i2c_init+0x0/0x31 @ 1
[    0.259596] initcall max8925_i2c_init+0x0/0x31 returned 0 after 0 usecs
[    0.259596] calling  max8997_i2c_init+0x0/0x19 @ 1
[    0.259596] initcall max8997_i2c_init+0x0/0x19 returned 0 after 0 usecs
[    0.259596] calling  max8998_i2c_init+0x0/0x19 @ 1
[    0.259596] initcall max8998_i2c_init+0x0/0x19 returned 0 after 0 usecs
[    0.259596] calling  ab3100_i2c_init+0x0/0x19 @ 1
[    0.259596] initcall ab3100_i2c_init+0x0/0x19 returned 0 after 0 usecs
[    0.259596] calling  tps6586x_init+0x0/0x19 @ 1
[    0.259596] initcall tps6586x_init+0x0/0x19 returned 0 after 0 usecs
[    0.259596] calling  tps65090_init+0x0/0x19 @ 1
[    0.259596] initcall tps65090_init+0x0/0x19 returned 0 after 0 usecs
[    0.259596] calling  aat2870_init+0x0/0x19 @ 1
[    0.259596] initcall aat2870_init+0x0/0x19 returned 0 after 0 usecs
[    0.259596] calling  palmas_i2c_init+0x0/0x19 @ 1
[    0.259596] initcall palmas_i2c_init+0x0/0x19 returned 0 after 0 usecs
[    0.259596] calling  rc5t583_i2c_init+0x0/0x19 @ 1
[    0.259596] initcall rc5t583_i2c_init+0x0/0x19 returned 0 after 0 usecs
[    0.259596] calling  sec_pmic_init+0x0/0x19 @ 1
[    0.259596] initcall sec_pmic_init+0x0/0x19 returned 0 after 0 usecs
[    0.259596] calling  as3711_i2c_init+0x0/0x19 @ 1
[    0.259596] initcall as3711_i2c_init+0x0/0x19 returned 0 after 0 usecs
[    0.259596] calling  libnvdimm_init+0x0/0x41 @ 1
[    0.260129] initcall libnvdimm_init+0x0/0x41 returned 0 after 3906 usecs
[    0.260131] calling  dax_fs_init+0x0/0xc4 @ 1
[    0.260149] initcall dax_fs_init+0x0/0xc4 returned 0 after 0 usecs
[    0.260151] calling  dma_buf_init+0x0/0xaf @ 1
[    0.260154] initcall dma_buf_init+0x0/0xaf returned 0 after 0 usecs
[    0.260156] calling  init_scsi+0x0/0x8d @ 1
[    0.260197] SCSI subsystem initialized
[    0.260199] initcall init_scsi+0x0/0x8d returned 0 after 0 usecs
[    0.260201] calling  ata_init+0x0/0x31f @ 1
[    0.260212] libata version 3.00 loaded.
[    0.260212] initcall ata_init+0x0/0x31f returned 0 after 0 usecs
[    0.260212] calling  phy_init+0x0/0x53 @ 1
[    0.260212] initcall phy_init+0x0/0x53 returned 0 after 0 usecs
[    0.260212] calling  usb_init+0x0/0x167 @ 1
[    0.260212] ACPI: bus type USB registered
[    0.260212] usbcore: registered new interface driver usbfs
[    0.260212] usbcore: registered new interface driver hub
[    0.260212] usbcore: registered new device driver usb
[    0.260212] initcall usb_init+0x0/0x167 returned 0 after 0 usecs
[    0.260212] calling  serio_init+0x0/0x2f @ 1
[    0.260212] initcall serio_init+0x0/0x2f returned 0 after 0 usecs
[    0.260212] calling  input_init+0x0/0x102 @ 1
[    0.260212] initcall input_init+0x0/0x102 returned 0 after 0 usecs
[    0.260212] calling  rtc_init+0x0/0x52 @ 1
[    0.260468] initcall rtc_init+0x0/0x52 returned 0 after 0 usecs
[    0.260469] calling  dw_i2c_init_driver+0x0/0x19 @ 1
[    0.260479] initcall dw_i2c_init_driver+0x0/0x19 returned 0 after 0 usecs
[    0.260481] calling  power_supply_class_init+0x0/0x45 @ 1
[    0.260484] initcall power_supply_class_init+0x0/0x45 returned 0 after 0 usecs
[    0.260485] calling  hwmon_init+0x0/0xf1 @ 1
[    0.260489] initcall hwmon_init+0x0/0xf1 returned 0 after 0 usecs
[    0.260490] calling  md_init+0x0/0x166 @ 1
[    0.260499] initcall md_init+0x0/0x166 returned 0 after 0 usecs
[    0.260499] calling  edac_init+0x0/0x75 @ 1
[    0.260499] EDAC MC: Ver: 3.0.0
[    0.260899] initcall edac_init+0x0/0x75 returned 0 after 0 usecs
[    0.260899] calling  mmc_init+0x0/0x3a @ 1
[    0.260899] initcall mmc_init+0x0/0x3a returned 0 after 0 usecs
[    0.260899] calling  leds_init+0x0/0x41 @ 1
[    0.260899] initcall leds_init+0x0/0x41 returned 0 after 0 usecs
[    0.260899] calling  dmi_init+0x0/0x11b @ 1
[    0.260899] initcall dmi_init+0x0/0x11b returned 0 after 0 usecs
[    0.260899] calling  efisubsys_init+0x0/0x2c3 @ 1
[    0.260899] Registered efivars operations
[    0.273146] initcall efisubsys_init+0x0/0x2c3 returned 0 after 11718 usecs
[    0.273146] calling  devfreq_init+0x0/0xa8 @ 1
[    0.273146] initcall devfreq_init+0x0/0xa8 returned 0 after 0 usecs
[    0.273146] calling  devfreq_event_init+0x0/0x54 @ 1
[    0.273146] initcall devfreq_event_init+0x0/0x54 returned 0 after 0 usecs
[    0.273146] calling  devfreq_simple_ondemand_init+0x0/0x17 @ 1
[    0.273146] initcall devfreq_simple_ondemand_init+0x0/0x17 returned 0 after 0 usecs
[    0.273146] calling  devfreq_performance_init+0x0/0x17 @ 1
[    0.273146] initcall devfreq_performance_init+0x0/0x17 returned 0 after 0 usecs
[    0.273146] calling  devfreq_powersave_init+0x0/0x17 @ 1
[    0.273146] initcall devfreq_powersave_init+0x0/0x17 returned 0 after 0 usecs
[    0.273146] calling  devfreq_userspace_init+0x0/0x17 @ 1
[    0.273146] initcall devfreq_userspace_init+0x0/0x17 returned 0 after 0 usecs
[    0.273146] calling  devfreq_passive_init+0x0/0x17 @ 1
[    0.273146] initcall devfreq_passive_init+0x0/0x17 returned 0 after 0 usecs
[    0.273146] calling  vme_init+0x0/0x17 @ 1
[    0.273146] initcall vme_init+0x0/0x17 returned 0 after 0 usecs
[    0.273146] calling  ras_init+0x0/0x15 @ 1
[    0.273146] initcall ras_init+0x0/0x15 returned 0 after 0 usecs
[    0.273146] calling  nvmem_init+0x0/0x17 @ 1
[    0.273146] initcall nvmem_init+0x0/0x17 returned 0 after 0 usecs
[    0.273146] calling  pci_subsys_init+0x0/0x66 @ 1
[    0.273146] PCI: Using ACPI for IRQ routing
[    0.283728] PCI: pci_cache_line_size set to 64 bytes
[    0.284438] e820: reserve RAM buffer [mem 0x00058000-0x0005ffff]
[    0.284440] e820: reserve RAM buffer [mem 0x0009f000-0x0009ffff]
[    0.284440] e820: reserve RAM buffer [mem 0x9d773000-0x9fffffff]
[    0.284441] e820: reserve RAM buffer [mem 0xab492000-0xabffffff]
[    0.284442] e820: reserve RAM buffer [mem 0xac500000-0xafffffff]
[    0.284443] e820: reserve RAM buffer [mem 0x84e000000-0x84fffffff]
[    0.284447] initcall pci_subsys_init+0x0/0x66 returned 0 after 15625 usecs
[    0.284449] calling  proto_init+0x0/0x17 @ 1
[    0.284453] initcall proto_init+0x0/0x17 returned 0 after 0 usecs
[    0.284455] calling  net_dev_init+0x0/0x1f2 @ 1
[    0.284521] initcall net_dev_init+0x0/0x1f2 returned 0 after 0 usecs
[    0.284522] calling  neigh_init+0x0/0x85 @ 1
[    0.284525] initcall neigh_init+0x0/0x85 returned 0 after 0 usecs
[    0.284527] calling  fib_notifier_init+0x0/0x17 @ 1
[    0.284529] initcall fib_notifier_init+0x0/0x17 returned 0 after 0 usecs
[    0.284531] calling  fib_rules_init+0x0/0xb1 @ 1
[    0.284533] initcall fib_rules_init+0x0/0xb1 returned 0 after 0 usecs
[    0.284534] calling  init_cgroup_netprio+0x0/0x19 @ 1
[    0.284536] initcall init_cgroup_netprio+0x0/0x19 returned 0 after 0 usecs
[    0.284537] calling  bpf_lwt_init+0x0/0x1c @ 1
[    0.284538] initcall bpf_lwt_init+0x0/0x1c returned 0 after 0 usecs
[    0.284539] calling  pktsched_init+0x0/0x114 @ 1
[    0.284542] initcall pktsched_init+0x0/0x114 returned 0 after 0 usecs
[    0.284543] calling  tc_filter_init+0x0/0x88 @ 1
[    0.284548] initcall tc_filter_init+0x0/0x88 returned 0 after 0 usecs
[    0.284549] calling  tc_action_init+0x0/0x5a @ 1
[    0.284550] initcall tc_action_init+0x0/0x5a returned 0 after 0 usecs
[    0.284551] calling  genl_init+0x0/0x3b @ 1
[    0.284555] initcall genl_init+0x0/0x3b returned 0 after 0 usecs
[    0.284557] calling  ipv4_netfilter_init+0x0/0x17 @ 1
[    0.284558] initcall ipv4_netfilter_init+0x0/0x17 returned 0 after 0 usecs
[    0.284560] calling  cipso_v4_init+0x0/0x69 @ 1
[    0.284561] initcall cipso_v4_init+0x0/0x69 returned 0 after 0 usecs
[    0.284563] calling  wireless_nlevent_init+0x0/0x3e @ 1
[    0.284565] initcall wireless_nlevent_init+0x0/0x3e returned 0 after 0 usecs
[    0.284566] calling  netlbl_init+0x0/0x7e @ 1
[    0.284567] NetLabel: Initializing
[    0.284567] NetLabel:  domain hash size = 128
[    0.284568] NetLabel:  protocols = UNLABELED CIPSOv4 CALIPSO
[    0.284582] NetLabel:  unlabeled traffic allowed by default
[    0.284583] initcall netlbl_init+0x0/0x7e returned 0 after 0 usecs
[    0.284585] calling  rfkill_init+0x0/0xf2 @ 1
[    0.288013] initcall rfkill_init+0x0/0xf2 returned 0 after 0 usecs
[    0.288013] calling  xen_mcfg_late+0x0/0xe6 @ 1
[    0.288013] initcall xen_mcfg_late+0x0/0xe6 returned 0 after 0 usecs
[    0.288013] calling  watchdog_init+0x0/0x8f @ 1
[    0.288020] initcall watchdog_init+0x0/0x8f returned 0 after 0 usecs
[    0.288039] calling  nmi_warning_debugfs+0x0/0x2c @ 1
[    0.288042] initcall nmi_warning_debugfs+0x0/0x2c returned 0 after 0 usecs
[    0.288044] calling  save_microcode_in_initrd+0x0/0xa0 @ 1
[    0.288078] initcall save_microcode_in_initrd+0x0/0xa0 returned 0 after 0 usecs
[    0.288080] calling  hpet_late_init+0x0/0x113 @ 1
[    0.288121] hpet0: at MMIO 0xfed00000, IRQs 2, 8, 0, 0, 0, 0, 0, 0
[    0.288126] hpet0: 8 comparators, 64-bit 24.000000 MHz counter
[    0.290156] initcall hpet_late_init+0x0/0x113 returned 0 after 0 usecs
[    0.290157] calling  init_amd_nbs+0x0/0x11f @ 1
[    0.290162] initcall init_amd_nbs+0x0/0x11f returned 0 after 0 usecs
[    0.290164] calling  sugov_register+0x0/0x17 @ 1
[    0.290166] initcall sugov_register+0x0/0x17 returned 0 after 0 usecs
[    0.290168] calling  clocksource_done_booting+0x0/0x47 @ 1
[    0.290180] clocksource: Switched to clocksource hpet
[    0.290186] initcall clocksource_done_booting+0x0/0x47 returned 0 after 6 usecs
[    0.290188] calling  tracer_init_tracefs+0x0/0x1ba @ 1
[    0.291161] initcall tracer_init_tracefs+0x0/0x1ba returned 0 after 3072 usecs
[    0.291163] calling  init_trace_printk_function_export+0x0/0x32 @ 1
[    0.291172] initcall init_trace_printk_function_export+0x0/0x32 returned 0 after 4 usecs
[    0.291173] calling  init_graph_tracefs+0x0/0x32 @ 1
[    0.291182] initcall init_graph_tracefs+0x0/0x32 returned 0 after 4 usecs
[    0.291183] calling  event_trace_init+0x0/0x2e5 @ 1
[    0.297720] initcall event_trace_init+0x0/0x2e5 returned 0 after 6377 usecs
[    0.297722] calling  init_kprobe_trace+0x0/0x91 @ 1
[    0.297734] initcall init_kprobe_trace+0x0/0x91 returned 0 after 7 usecs
[    0.297735] calling  init_uprobe_trace+0x0/0x54 @ 1
[    0.297748] initcall init_uprobe_trace+0x0/0x54 returned 0 after 7 usecs
[    0.297749] calling  bpf_init+0x0/0x4c @ 1
[    0.297760] initcall bpf_init+0x0/0x4c returned 0 after 6 usecs
[    0.297762] calling  init_pipe_fs+0x0/0x4c @ 1
[    0.297776] initcall init_pipe_fs+0x0/0x4c returned 0 after 9 usecs
[    0.297777] calling  cgroup_writeback_init+0x0/0x30 @ 1
[    0.297799] initcall cgroup_writeback_init+0x0/0x30 returned 0 after 15 usecs
[    0.297800] calling  inotify_user_setup+0x0/0x4d @ 1
[    0.297808] initcall inotify_user_setup+0x0/0x4d returned 0 after 4 usecs
[    0.297809] calling  eventpoll_init+0x0/0x105 @ 1
[    0.297817] initcall eventpoll_init+0x0/0x105 returned 0 after 4 usecs
[    0.297818] calling  anon_inode_init+0x0/0x60 @ 1
[    0.297830] initcall anon_inode_init+0x0/0x60 returned 0 after 6 usecs
[    0.297831] calling  init_dax_wait_table+0x0/0x47 @ 1
[    0.297854] initcall init_dax_wait_table+0x0/0x47 returned 0 after 17 usecs
[    0.297856] calling  proc_locks_init+0x0/0x24 @ 1
[    0.297865] initcall proc_locks_init+0x0/0x24 returned 0 after 4 usecs
[    0.297866] calling  dquot_init+0x0/0x10f @ 1
[    0.297870] VFS: Disk quotas dquot_6.6.0
[    0.297884] VFS: Dquot-cache hash table entries: 512 (order 0, 4096 bytes)
[    0.297889] initcall dquot_init+0x0/0x10f returned 0 after 17 usecs
[    0.297891] calling  quota_init+0x0/0x29 @ 1
[    0.297904] initcall quota_init+0x0/0x29 returned 0 after 7 usecs
[    0.297906] calling  proc_cmdline_init+0x0/0x24 @ 1
[    0.297916] initcall proc_cmdline_init+0x0/0x24 returned 0 after 4 usecs
[    0.297917] calling  proc_consoles_init+0x0/0x24 @ 1
[    0.297927] initcall proc_consoles_init+0x0/0x24 returned 0 after 4 usecs
[    0.297928] calling  proc_cpuinfo_init+0x0/0x24 @ 1
[    0.297938] initcall proc_cpuinfo_init+0x0/0x24 returned 0 after 4 usecs
[    0.297939] calling  proc_devices_init+0x0/0x24 @ 1
[    0.297949] initcall proc_devices_init+0x0/0x24 returned 0 after 4 usecs
[    0.297950] calling  proc_interrupts_init+0x0/0x24 @ 1
[    0.297960] initcall proc_interrupts_init+0x0/0x24 returned 0 after 4 usecs
[    0.297961] calling  proc_loadavg_init+0x0/0x24 @ 1
[    0.297971] initcall proc_loadavg_init+0x0/0x24 returned 0 after 4 usecs
[    0.297972] calling  proc_meminfo_init+0x0/0x24 @ 1
[    0.297982] initcall proc_meminfo_init+0x0/0x24 returned 0 after 4 usecs
[    0.297983] calling  proc_stat_init+0x0/0x24 @ 1
[    0.297993] initcall proc_stat_init+0x0/0x24 returned 0 after 4 usecs
[    0.297994] calling  proc_uptime_init+0x0/0x24 @ 1
[    0.298004] initcall proc_uptime_init+0x0/0x24 returned 0 after 4 usecs
[    0.298005] calling  proc_version_init+0x0/0x24 @ 1
[    0.298015] initcall proc_version_init+0x0/0x24 returned 0 after 4 usecs
[    0.298017] calling  proc_softirqs_init+0x0/0x24 @ 1
[    0.298026] initcall proc_softirqs_init+0x0/0x24 returned 0 after 4 usecs
[    0.298028] calling  proc_kcore_init+0x0/0x19d @ 1
[    0.298040] initcall proc_kcore_init+0x0/0x19d returned 0 after 6 usecs
[    0.298041] calling  vmcore_init+0x0/0x38 @ 1
[    0.298051] initcall vmcore_init+0x0/0x38 returned 0 after 4 usecs
[    0.298052] calling  proc_kmsg_init+0x0/0x27 @ 1
[    0.298062] initcall proc_kmsg_init+0x0/0x27 returned 0 after 4 usecs
[    0.298063] calling  proc_page_init+0x0/0x5b @ 1
[    0.298073] initcall proc_page_init+0x0/0x5b returned 0 after 4 usecs
[    0.298074] calling  init_ramfs_fs+0x0/0x26 @ 1
[    0.298083] initcall init_ramfs_fs+0x0/0x26 returned 0 after 4 usecs
[    0.298084] calling  init_hugetlbfs_fs+0x0/0x17d @ 1
[    0.298109] initcall init_hugetlbfs_fs+0x0/0x17d returned 0 after 20 usecs
[    0.298111] calling  tomoyo_initerface_init+0x0/0x17d @ 1
[    0.298120] initcall tomoyo_initerface_init+0x0/0x17d returned 0 after 4 usecs
[    0.298121] calling  aa_create_aafs+0x0/0x3a5 @ 1
[    0.298131] initcall aa_create_aafs+0x0/0x3a5 returned 0 after 4 usecs
[    0.298132] calling  blk_scsi_ioctl_init+0x0/0x391 @ 1
[    0.298142] initcall blk_scsi_ioctl_init+0x0/0x391 returned 0 after 4 usecs
[    0.298144] calling  dynamic_debug_init_debugfs+0x0/0x67 @ 1
[    0.298155] initcall dynamic_debug_init_debugfs+0x0/0x67 returned 0 after 4 usecs
[    0.298156] calling  simplefb_init+0x0/0x19 @ 1
[    0.298173] initcall simplefb_init+0x0/0x19 returned 0 after 12 usecs
[    0.298175] calling  acpi_event_init+0x0/0x35 @ 1
[    0.298187] initcall acpi_event_init+0x0/0x35 returned 0 after 7 usecs
[    0.298189] calling  pnp_system_init+0x0/0x17 @ 1
[    0.298200] initcall pnp_system_init+0x0/0x17 returned 0 after 6 usecs
[    0.298202] calling  pnpacpi_init+0x0/0x73 @ 1
[    0.298206] pnp: PnP ACPI init
[    0.298516] system 00:00: [io  0x0680-0x069f] has been reserved
[    0.298518] system 00:00: [io  0xffff] has been reserved
[    0.298519] system 00:00: [io  0xffff] has been reserved
[    0.298520] system 00:00: [io  0xffff] has been reserved
[    0.298521] system 00:00: [io  0x1800-0x18fe] has been reserved
[    0.298522] system 00:00: [io  0x164e-0x164f] has been reserved
[    0.298527] system 00:00: Plug and Play ACPI device, IDs PNP0c02 (active)
[    0.298651] pnp 00:01: Plug and Play ACPI device, IDs PNP0b00 (active)
[    0.298696] system 00:02: [io  0x1854-0x1857] has been reserved
[    0.298699] system 00:02: Plug and Play ACPI device, IDs INT3f0d PNP0c02 (active)
[    0.298802] pnp 00:03: Plug and Play ACPI device, IDs PNP0303 (active)
[    0.298819] pnp 00:04: Plug and Play ACPI device, IDs DLL06dc PNP0f13 (active)
[    0.300388] pnp 00:05: Plug and Play ACPI device, IDs PNP0401 (disabled)
[    0.300689] system 00:06: [mem 0xfed10000-0xfed17fff] has been reserved
[    0.300691] system 00:06: [mem 0xfed18000-0xfed18fff] has been reserved
[    0.300692] system 00:06: [mem 0xfed19000-0xfed19fff] has been reserved
[    0.300693] system 00:06: [mem 0xf0000000-0xf7ffffff] has been reserved
[    0.300694] system 00:06: [mem 0xfed20000-0xfed3ffff] has been reserved
[    0.300697] system 00:06: [mem 0xfed90000-0xfed93fff] could not be reserved
[    0.300698] system 00:06: [mem 0xfed45000-0xfed8ffff] has been reserved
[    0.300699] system 00:06: [mem 0xff000000-0xffffffff] has been reserved
[    0.300701] system 00:06: [mem 0xfee00000-0xfeefffff] could not be reserved
[    0.300702] system 00:06: [mem 0xeffe0000-0xefffffff] has been reserved
[    0.300705] system 00:06: Plug and Play ACPI device, IDs PNP0c02 (active)
[    0.300750] system 00:07: [mem 0xfd000000-0xfdabffff] has been reserved
[    0.300751] system 00:07: [mem 0xfdad0000-0xfdadffff] has been reserved
[    0.300752] system 00:07: [mem 0xfdb00000-0xfdffffff] has been reserved
[    0.300754] system 00:07: [mem 0xfe000000-0xfe01ffff] could not be reserved
[    0.300755] system 00:07: [mem 0xfe036000-0xfe03bfff] has been reserved
[    0.300756] system 00:07: [mem 0xfe03d000-0xfe3fffff] has been reserved
[    0.300757] system 00:07: [mem 0xfe410000-0xfe7fffff] has been reserved
[    0.300760] system 00:07: Plug and Play ACPI device, IDs PNP0c02 (active)
[    0.301145] system 00:08: [io  0xff00-0xfffe] has been reserved
[    0.301148] system 00:08: Plug and Play ACPI device, IDs PNP0c02 (active)
[    0.302798] system 00:09: [mem 0xfe029000-0xfe029fff] has been reserved
[    0.302799] system 00:09: [mem 0xfe028000-0xfe028fff] has been reserved
[    0.302800] system 00:09: [mem 0xfdaf0000-0xfdafffff] has been reserved
[    0.302801] system 00:09: [mem 0xfdae0000-0xfdaeffff] has been reserved
[    0.302803] system 00:09: [mem 0xfdac0000-0xfdacffff] has been reserved
[    0.302806] system 00:09: Plug and Play ACPI device, IDs PNP0c02 (active)
[    0.303644] pnp 00:0a: Plug and Play ACPI device, IDs PNP0c31 (active)
[    0.305372] pnp: PnP ACPI: found 11 devices
[    0.305378] initcall pnpacpi_init+0x0/0x73 returned 0 after 7002 usecs
[    0.305381] calling  chr_dev_init+0x0/0xad @ 1
[    0.308349] initcall chr_dev_init+0x0/0xad returned 0 after 2892 usecs
[    0.308351] calling  firmware_class_init+0x0/0xe2 @ 1
[    0.308363] initcall firmware_class_init+0x0/0xe2 returned 0 after 7 usecs
[    0.308365] calling  thermal_init+0x0/0xf4 @ 1
[    0.308381] initcall thermal_init+0x0/0xf4 returned 0 after 11 usecs
[    0.308383] calling  cpufreq_gov_performance_init+0x0/0x17 @ 1
[    0.308392] initcall cpufreq_gov_performance_init+0x0/0x17 returned 0 after 4 usecs
[    0.308394] calling  map_properties+0x0/0x507 @ 1
[    0.308403] initcall map_properties+0x0/0x507 returned 0 after 4 usecs
[    0.308405] calling  init_acpi_pm_clocksource+0x0/0xd8 @ 1
[    0.312922] clocksource: acpi_pm: mask: 0xffffff max_cycles: 0xffffff, max_idle_ns: 2085701024 ns
[    0.312928] initcall init_acpi_pm_clocksource+0x0/0xd8 returned 0 after 4412 usecs
[    0.312930] calling  pcibios_assign_resources+0x0/0xc7 @ 1
[    0.312959] pci 0000:00:1c.0: PCI bridge to [bus 01]
[    0.312966] pci 0000:00:1c.0:   bridge window [mem 0xe1200000-0xe12fffff]
[    0.312972] pci 0000:00:1c.5: PCI bridge to [bus 02]
[    0.312976] pci 0000:00:1c.5:   bridge window [mem 0xe1100000-0xe11fffff]
[    0.312982] pci 0000:00:1d.0: PCI bridge to [bus 03]
[    0.312986] pci 0000:00:1d.0:   bridge window [mem 0xe1000000-0xe10fffff]
[    0.312992] pci_bus 0000:00: resource 4 [io  0x0000-0x0cf7 window]
[    0.312994] pci_bus 0000:00: resource 5 [io  0x0d00-0xffff window]
[    0.312995] pci_bus 0000:00: resource 6 [mem 0x000a0000-0x000bffff window]
[    0.312996] pci_bus 0000:00: resource 7 [mem 0xb0000000-0xefffffff window]
[    0.312997] pci_bus 0000:00: resource 8 [mem 0xfd000000-0xfe7fffff window]
[    0.312998] pci_bus 0000:01: resource 1 [mem 0xe1200000-0xe12fffff]
[    0.312999] pci_bus 0000:02: resource 1 [mem 0xe1100000-0xe11fffff]
[    0.313000] pci_bus 0000:03: resource 1 [mem 0xe1000000-0xe10fffff]
[    0.313160] initcall pcibios_assign_resources+0x0/0xc7 returned 0 after 219 usecs
[    0.313163] calling  sysctl_core_init+0x0/0x31 @ 1
[    0.313184] initcall sysctl_core_init+0x0/0x31 returned 0 after 15 usecs
[    0.313185] calling  eth_offload_init+0x0/0x19 @ 1
[    0.313194] initcall eth_offload_init+0x0/0x19 returned 0 after 4 usecs
[    0.313196] calling  inet_init+0x0/0x28a @ 1
[    0.313215] NET: Registered protocol family 2
[    0.313425] TCP established hash table entries: 262144 (order: 9, 2097152 bytes)
[    0.313758] TCP bind hash table entries: 65536 (order: 8, 1048576 bytes)
[    0.313860] TCP: Hash tables configured (established 262144 bind 65536)
[    0.313897] UDP hash table entries: 16384 (order: 7, 524288 bytes)
[    0.313983] UDP-Lite hash table entries: 16384 (order: 7, 524288 bytes)
[    0.314077] initcall inet_init+0x0/0x28a returned 0 after 855 usecs
[    0.314078] calling  ipv4_offload_init+0x0/0x79 @ 1
[    0.314087] initcall ipv4_offload_init+0x0/0x79 returned 0 after 4 usecs
[    0.314089] calling  af_unix_init+0x0/0x53 @ 1
[    0.314093] NET: Registered protocol family 1
[    0.314101] initcall af_unix_init+0x0/0x53 returned 0 after 7 usecs
[    0.314103] calling  ipv6_offload_init+0x0/0x84 @ 1
[    0.314112] initcall ipv6_offload_init+0x0/0x84 returned 0 after 4 usecs
[    0.314115] calling  pci_apply_final_quirks+0x0/0x127 @ 1
[    0.314129] pci 0000:00:02.0: Video device with shadowed ROM at [mem 0x000c0000-0x000dffff]
[    0.315682] PCI: CLS 0 bytes, default 64
[    0.315688] initcall pci_apply_final_quirks+0x0/0x127 returned 0 after 1530 usecs
[    0.315690] calling  acpi_reserve_resources+0x0/0xf0 @ 1
[    0.315699] initcall acpi_reserve_resources+0x0/0xf0 returned 0 after 4 usecs
[    0.315701] calling  populate_rootfs+0x0/0x10f @ 1
[    0.315735] Unpacking initramfs...
[    1.223402] Freeing initrd memory: 53292K
[    1.223421] initcall populate_rootfs+0x0/0x10f returned 0 after 886437 usecs
[    1.223424] calling  pci_iommu_init+0x0/0x41 @ 1
[    1.223458] PCI-DMA: Using software bounce buffering for IO (SWIOTLB)
[    1.223460] software IO TLB [mem 0xa457c000-0xa857c000] (64MB) mapped at [ffff8d2f6457c000-ffff8d2f6857bfff]
[    1.223466] initcall pci_iommu_init+0x0/0x41 returned 0 after 35 usecs
[    1.223468] calling  calgary_fixup_tce_spaces+0x0/0x106 @ 1
[    1.223477] initcall calgary_fixup_tce_spaces+0x0/0x106 returned -19 after 4 usecs
[    1.223480] calling  ir_dev_scope_init+0x0/0x38 @ 1
[    1.223489] initcall ir_dev_scope_init+0x0/0x38 returned 0 after 4 usecs
[    1.223520] calling  ia32_binfmt_init+0x0/0x19 @ 1
[    1.223532] initcall ia32_binfmt_init+0x0/0x19 returned 0 after 6 usecs
[    1.223533] calling  amd_uncore_init+0x0/0x27a @ 1
[    1.223543] initcall amd_uncore_init+0x0/0x27a returned -19 after 4 usecs
[    1.223544] calling  amd_ibs_init+0x0/0x1ff @ 1
[    1.223554] initcall amd_ibs_init+0x0/0x1ff returned -19 after 4 usecs
[    1.223555] calling  amd_iommu_pc_init+0x0/0x1d0 @ 1
[    1.223564] initcall amd_iommu_pc_init+0x0/0x1d0 returned -19 after 4 usecs
[    1.223566] calling  msr_init+0x0/0xef @ 1
[    1.223577] initcall msr_init+0x0/0xef returned 0 after 6 usecs
[    1.223579] calling  intel_uncore_init+0x0/0x24d @ 1
[    1.223746] initcall intel_uncore_init+0x0/0x24d returned 0 after 156 usecs
[    1.223747] calling  register_kernel_offset_dumper+0x0/0x20 @ 1
[    1.223756] initcall register_kernel_offset_dumper+0x0/0x20 returned 0 after 4 usecs
[    1.223758] calling  i8259A_init_ops+0x0/0x29 @ 1
[    1.223767] initcall i8259A_init_ops+0x0/0x29 returned 0 after 4 usecs
[    1.223768] calling  init_tsc_clocksource+0x0/0xcc @ 1
[    1.223774] clocksource: tsc: mask: 0xffffffffffffffff max_cycles: 0x2879c5f06f2, max_idle_ns: 440795220049 ns
[    1.223780] initcall init_tsc_clocksource+0x0/0xcc returned 0 after 6 usecs
[    1.223781] calling  add_rtc_cmos+0x0/0xd4 @ 1
[    1.223789] initcall add_rtc_cmos+0x0/0xd4 returned 0 after 4 usecs
[    1.223791] calling  i8237A_init_ops+0x0/0x19 @ 1
[    1.223798] initcall i8237A_init_ops+0x0/0x19 returned 0 after 4 usecs
[    1.223800] calling  thermal_throttle_init_device+0x0/0x47 @ 1
[    1.223908] initcall thermal_throttle_init_device+0x0/0x47 returned 0 after 102 usecs
[    1.223909] calling  ioapic_init_ops+0x0/0x19 @ 1
[    1.223918] initcall ioapic_init_ops+0x0/0x19 returned 0 after 4 usecs
[    1.223920] calling  register_e820_pmem+0x0/0x49 @ 1
[    1.223930] initcall register_e820_pmem+0x0/0x49 returned 0 after 4 usecs
[    1.223931] calling  add_pcspkr+0x0/0x70 @ 1
[    1.223957] initcall add_pcspkr+0x0/0x70 returned 0 after 20 usecs
[    1.223960] calling  start_periodic_check_for_corruption+0x0/0x60 @ 1
[    1.223964] Scanning for low memory corruption every 60 seconds
[    1.223971] initcall start_periodic_check_for_corruption+0x0/0x60 returned 0 after 5 usecs
[    1.223973] calling  sysfb_init+0x0/0x9f @ 1
[    1.224036] initcall sysfb_init+0x0/0x9f returned 0 after 56 usecs
[    1.224038] calling  audit_classes_init+0x0/0xb4 @ 1
[    1.224045] initcall audit_classes_init+0x0/0xb4 returned 0 after 4 usecs
[    1.224046] calling  pt_dump_init+0x0/0x37 @ 1
[    1.224054] initcall pt_dump_init+0x0/0x37 returned 0 after 4 usecs
[    1.224056] calling  crc32c_intel_mod_init+0x0/0x5c @ 1
[    1.224155] initcall crc32c_intel_mod_init+0x0/0x5c returned 0 after 94 usecs
[    1.224157] calling  iosf_mbi_init+0x0/0xbe @ 1
[    1.224182] initcall iosf_mbi_init+0x0/0xbe returned 0 after 18 usecs
[    1.224183] calling  proc_execdomains_init+0x0/0x24 @ 1
[    1.224193] initcall proc_execdomains_init+0x0/0x24 returned 0 after 5 usecs
[    1.224194] calling  cpuhp_sysfs_init+0x0/0x77 @ 1
[    1.224210] initcall cpuhp_sysfs_init+0x0/0x77 returned 0 after 11 usecs
[    1.224211] calling  ioresources_init+0x0/0x3b @ 1
[    1.224221] initcall ioresources_init+0x0/0x3b returned 0 after 5 usecs
[    1.224222] calling  init_sched_debug_procfs+0x0/0x2e @ 1
[    1.224232] initcall init_sched_debug_procfs+0x0/0x2e returned 0 after 4 usecs
[    1.224233] calling  snapshot_device_init+0x0/0x17 @ 1
[    1.224288] initcall snapshot_device_init+0x0/0x17 returned 0 after 48 usecs
[    1.224290] calling  irq_gc_init_ops+0x0/0x19 @ 1
[    1.224299] initcall irq_gc_init_ops+0x0/0x19 returned 0 after 4 usecs
[    1.224301] calling  irq_pm_init_ops+0x0/0x19 @ 1
[    1.224310] initcall irq_pm_init_ops+0x0/0x19 returned 0 after 4 usecs
[    1.224311] calling  klp_init+0x0/0x2e @ 1
[    1.224321] initcall klp_init+0x0/0x2e returned 0 after 4 usecs
[    1.224322] calling  timekeeping_init_ops+0x0/0x19 @ 1
[    1.224332] initcall timekeeping_init_ops+0x0/0x19 returned 0 after 4 usecs
[    1.224334] calling  init_clocksource_sysfs+0x0/0x6e @ 1
[    1.224362] initcall init_clocksource_sysfs+0x0/0x6e returned 0 after 22 usecs
[    1.224364] calling  init_timer_list_procfs+0x0/0x2e @ 1
[    1.224373] initcall init_timer_list_procfs+0x0/0x2e returned 0 after 4 usecs
[    1.224375] calling  alarmtimer_init+0x0/0x135 @ 1
[    1.224406] initcall alarmtimer_init+0x0/0x135 returned 0 after 25 usecs
[    1.224408] calling  init_posix_timers+0x0/0x2f @ 1
[    1.224422] initcall init_posix_timers+0x0/0x2f returned 0 after 8 usecs
[    1.224424] calling  clockevents_init_sysfs+0x0/0xce @ 1
[    1.224480] initcall clockevents_init_sysfs+0x0/0xce returned 0 after 49 usecs
[    1.224481] calling  proc_dma_init+0x0/0x24 @ 1
[    1.224491] initcall proc_dma_init+0x0/0x24 returned 0 after 4 usecs
[    1.224493] calling  proc_modules_init+0x0/0x24 @ 1
[    1.224502] initcall proc_modules_init+0x0/0x24 returned 0 after 4 usecs
[    1.224504] calling  kallsyms_init+0x0/0x27 @ 1
[    1.224514] initcall kallsyms_init+0x0/0x27 returned 0 after 4 usecs
[    1.224515] calling  pid_namespaces_init+0x0/0x45 @ 1
[    1.224529] initcall pid_namespaces_init+0x0/0x45 returned 0 after 8 usecs
[    1.224531] calling  audit_init+0x0/0x167 @ 1
[    1.224537] audit: initializing netlink subsys (disabled)
[    1.224614] initcall audit_init+0x0/0x167 returned 0 after 75 usecs
[    1.224616] calling  audit_watch_init+0x0/0x3f @ 1
[    1.224623] initcall audit_watch_init+0x0/0x3f returned 0 after 4 usecs
[    1.224624] calling  audit_fsnotify_init+0x0/0x3f @ 1
[    1.224628] audit: type=2000 audit(1512849540.224:1): state=initialized audit_enabled=0 res=1
[    1.224632] initcall audit_fsnotify_init+0x0/0x3f returned 0 after 4 usecs
[    1.224633] calling  audit_tree_init+0x0/0x52 @ 1
[    1.224641] initcall audit_tree_init+0x0/0x52 returned 0 after 4 usecs
[    1.224642] calling  init_kprobes+0x0/0x1dc @ 1
[    1.224879] initcall init_kprobes+0x0/0x1dc returned 0 after 228 usecs
[    1.224881] calling  seccomp_sysctl_init+0x0/0x31 @ 1
[    1.224894] initcall seccomp_sysctl_init+0x0/0x31 returned 0 after 6 usecs
[    1.224896] calling  utsname_sysctl_init+0x0/0x19 @ 1
[    1.224909] initcall utsname_sysctl_init+0x0/0x19 returned 0 after 7 usecs
[    1.224911] calling  init_tracepoints+0x0/0x2d @ 1
[    1.224921] initcall init_tracepoints+0x0/0x2d returned 0 after 4 usecs
[    1.224922] calling  stack_trace_init+0x0/0xb5 @ 1
[    1.224934] initcall stack_trace_init+0x0/0xb5 returned 0 after 6 usecs
[    1.224935] calling  init_mmio_trace+0x0/0x12 @ 1
[    1.224944] initcall init_mmio_trace+0x0/0x12 returned 0 after 4 usecs
[    1.224945] calling  init_blk_tracer+0x0/0x56 @ 1
[    1.224957] initcall init_blk_tracer+0x0/0x56 returned 0 after 6 usecs
[    1.224958] calling  perf_event_sysfs_init+0x0/0x8d @ 1
[    1.225103] initcall perf_event_sysfs_init+0x0/0x8d returned 0 after 136 usecs
[    1.225104] calling  init_uprobes+0x0/0x76 @ 1
[    1.225114] initcall init_uprobes+0x0/0x76 returned 0 after 4 usecs
[    1.225115] calling  padata_driver_init+0x0/0x3e @ 1
[    1.225124] initcall padata_driver_init+0x0/0x3e returned 0 after 4 usecs
[    1.225126] calling  system_trusted_keyring_init+0x0/0xfb @ 1
[    1.225130] Initialise system trusted keyrings
[    1.225143] initcall system_trusted_keyring_init+0x0/0xfb returned 0 after 11 usecs
[    1.225144] calling  blacklist_init+0x0/0xab @ 1
[    1.225149] Key type blacklist registered
[    1.225154] initcall blacklist_init+0x0/0xab returned 0 after 5 usecs
[    1.225156] calling  kswapd_init+0x0/0x95 @ 1
[    1.225214] initcall kswapd_init+0x0/0x95 returned 0 after 51 usecs
[    1.225216] calling  extfrag_debug_init+0x0/0x7d @ 1
[    1.225227] initcall extfrag_debug_init+0x0/0x7d returned 0 after 8 usecs
[    1.225229] calling  mm_compute_batch_init+0x0/0x1e @ 1
[    1.225239] initcall mm_compute_batch_init+0x0/0x1e returned 0 after 7 usecs
[    1.225241] calling  slab_proc_init+0x0/0x27 @ 1
[    1.225249] initcall slab_proc_init+0x0/0x27 returned 0 after 4 usecs
[    1.225250] calling  workingset_init+0x0/0x84 @ 1
[    1.225255] workingset: timestamp_bits=36 max_order=23 bucket_order=0
[    1.225261] initcall workingset_init+0x0/0x84 returned 0 after 5 usecs
[    1.225263] calling  proc_vmalloc_init+0x0/0x27 @ 1
[    1.225272] initcall proc_vmalloc_init+0x0/0x27 returned 0 after 4 usecs
[    1.225274] calling  procswaps_init+0x0/0x24 @ 1
[    1.225284] initcall procswaps_init+0x0/0x24 returned 0 after 4 usecs
[    1.225286] calling  init_frontswap+0x0/0x96 @ 1
[    1.225303] initcall init_frontswap+0x0/0x96 returned 0 after 10 usecs
[    1.225304] calling  slab_sysfs_init+0x0/0x101 @ 1
[    1.226321] initcall slab_sysfs_init+0x0/0x101 returned 0 after 988 usecs
[    1.226323] calling  init_cleancache+0x0/0x96 @ 1
[    1.226335] initcall init_cleancache+0x0/0x96 returned 0 after 7 usecs
[    1.226336] calling  init_zbud+0x0/0x25 @ 1
[    1.226340] zbud: loaded
[    1.226345] initcall init_zbud+0x0/0x25 returned 0 after 4 usecs
[    1.226346] calling  zs_init+0x0/0x79 @ 1
[    1.226364] initcall zs_init+0x0/0x79 returned 0 after 13 usecs
[    1.226366] calling  hmm_init+0x0/0x69 @ 1
[    1.226378] initcall hmm_init+0x0/0x69 returned 0 after 7 usecs
[    1.226380] calling  fcntl_init+0x0/0x2f @ 1
[    1.226390] initcall fcntl_init+0x0/0x2f returned 0 after 4 usecs
[    1.226391] calling  proc_filesystems_init+0x0/0x24 @ 1
[    1.226400] initcall proc_filesystems_init+0x0/0x24 returned 0 after 4 usecs
[    1.226402] calling  start_dirtytime_writeback+0x0/0x2f @ 1
[    1.226411] initcall start_dirtytime_writeback+0x0/0x2f returned 0 after 4 usecs
[    1.226413] calling  blkdev_init+0x0/0x2f @ 1
[    1.226425] initcall blkdev_init+0x0/0x2f returned 0 after 7 usecs
[    1.226427] calling  dio_init+0x0/0x32 @ 1
[    1.226452] initcall dio_init+0x0/0x32 returned 0 after 20 usecs
[    1.226454] calling  dnotify_init+0x0/0x7e @ 1
[    1.226465] initcall dnotify_init+0x0/0x7e returned 0 after 5 usecs
[    1.226466] calling  fanotify_user_setup+0x0/0x7c @ 1
[    1.226478] initcall fanotify_user_setup+0x0/0x7c returned 0 after 6 usecs
[    1.226479] calling  userfaultfd_init+0x0/0x33 @ 1
[    1.226503] initcall userfaultfd_init+0x0/0x33 returned 0 after 18 usecs
[    1.226504] calling  aio_setup+0x0/0xa6 @ 1
[    1.226519] initcall aio_setup+0x0/0xa6 returned 0 after 9 usecs
[    1.226520] calling  fscrypt_init+0x0/0xa9 @ 1
[    1.226581] initcall fscrypt_init+0x0/0xa9 returned 0 after 54 usecs
[    1.226583] calling  init_sys32_ioctl+0x0/0x2d @ 1
[    1.226668] initcall init_sys32_ioctl+0x0/0x2d returned 0 after 78 usecs
[    1.226670] calling  mbcache_init+0x0/0x36 @ 1
[    1.226695] initcall mbcache_init+0x0/0x36 returned 0 after 19 usecs
[    1.226697] calling  init_devpts_fs+0x0/0x2d @ 1
[    1.226711] initcall init_devpts_fs+0x0/0x2d returned 0 after 8 usecs
[    1.226712] calling  ext4_init_fs+0x0/0x18f @ 1
[    1.226794] initcall ext4_init_fs+0x0/0x18f returned 0 after 75 usecs
[    1.226795] calling  journal_init+0x0/0x111 @ 1
[    1.226845] initcall journal_init+0x0/0x111 returned 0 after 44 usecs
[    1.226846] calling  init_squashfs_fs+0x0/0x70 @ 1
[    1.226865] squashfs: version 4.0 (2009/01/31) Phillip Lougher
[    1.226870] initcall init_squashfs_fs+0x0/0x70 returned 0 after 18 usecs
[    1.226871] calling  init_fat_fs+0x0/0x4f @ 1
[    1.226911] initcall init_fat_fs+0x0/0x4f returned 0 after 34 usecs
[    1.226912] calling  init_vfat_fs+0x0/0x17 @ 1
[    1.226921] initcall init_vfat_fs+0x0/0x17 returned 0 after 4 usecs
[    1.226922] calling  ecryptfs_init+0x0/0x1a8 @ 1
[    1.227073] initcall ecryptfs_init+0x0/0x1a8 returned 0 after 142 usecs
[    1.227074] calling  init_nls_cp437+0x0/0x19 @ 1
[    1.227083] initcall init_nls_cp437+0x0/0x19 returned 0 after 4 usecs
[    1.227084] calling  fuse_init+0x0/0x1ad @ 1
[    1.227088] fuse init (API version 7.26)
[    1.227162] initcall fuse_init+0x0/0x1ad returned 0 after 71 usecs
[    1.227163] calling  init_pstore_fs+0x0/0x4c @ 1
[    1.227172] initcall init_pstore_fs+0x0/0x4c returned 0 after 4 usecs
[    1.227173] calling  efivarfs_init+0x0/0x39 @ 1
[    1.227182] initcall efivarfs_init+0x0/0x39 returned 0 after 4 usecs
[    1.227183] calling  ipc_init+0x0/0x55 @ 1
[    1.227194] initcall ipc_init+0x0/0x55 returned 0 after 6 usecs
[    1.227196] calling  ipc_sysctl_init+0x0/0x19 @ 1
[    1.227210] initcall ipc_sysctl_init+0x0/0x19 returned 0 after 9 usecs
[    1.227211] calling  init_mqueue_fs+0x0/0xf8 @ 1
[    1.227247] initcall init_mqueue_fs+0x0/0xf8 returned 0 after 30 usecs
[    1.227249] calling  key_proc_init+0x0/0x5d @ 1
[    1.227258] initcall key_proc_init+0x0/0x5d returned 0 after 4 usecs
[    1.227259] calling  selinux_nf_ip_init+0x0/0x43 @ 1
[    1.227268] initcall selinux_nf_ip_init+0x0/0x43 returned 0 after 4 usecs
[    1.227270] calling  init_sel_fs+0x0/0xa3 @ 1
[    1.227279] initcall init_sel_fs+0x0/0xa3 returned 0 after 4 usecs
[    1.227280] calling  selnl_init+0x0/0x7c @ 1
[    1.227289] initcall selnl_init+0x0/0x7c returned 0 after 4 usecs
[    1.227291] calling  sel_netif_init+0x0/0x43 @ 1
[    1.227300] initcall sel_netif_init+0x0/0x43 returned 0 after 4 usecs
[    1.227301] calling  sel_netnode_init+0x0/0x4d @ 1
[    1.227310] initcall sel_netnode_init+0x0/0x4d returned 0 after 4 usecs
[    1.227312] calling  sel_netport_init+0x0/0x4d @ 1
[    1.227321] initcall sel_netport_init+0x0/0x4d returned 0 after 4 usecs
[    1.227322] calling  aurule_init+0x0/0x30 @ 1
[    1.227331] initcall aurule_init+0x0/0x30 returned 0 after 4 usecs
[    1.227332] calling  init_smk_fs+0x0/0x119 @ 1
[    1.227342] initcall init_smk_fs+0x0/0x119 returned 0 after 4 usecs
[    1.227343] calling  smack_nf_ip_init+0x0/0x2e @ 1
[    1.227352] initcall smack_nf_ip_init+0x0/0x2e returned 0 after 4 usecs
[    1.227354] calling  crypto_algapi_init+0x0/0x12 @ 1
[    1.227363] initcall crypto_algapi_init+0x0/0x12 returned 0 after 4 usecs
[    1.227365] calling  seqiv_module_init+0x0/0x17 @ 1
[    1.227374] initcall seqiv_module_init+0x0/0x17 returned 0 after 4 usecs
[    1.227377] calling  dh_init+0x0/0x20 @ 1
[    1.227465] initcall dh_init+0x0/0x20 returned 0 after 80 usecs
[    1.227467] calling  rsa_init+0x0/0x50 @ 1
[    1.227529] initcall rsa_init+0x0/0x50 returned 0 after 53 usecs
[    1.227531] calling  hmac_module_init+0x0/0x17 @ 1
[    1.227540] initcall hmac_module_init+0x0/0x17 returned 0 after 4 usecs
[    1.227542] calling  crypto_null_mod_init+0x0/0x4d @ 1
[    1.227757] initcall crypto_null_mod_init+0x0/0x4d returned 0 after 204 usecs
[    1.227759] calling  md5_mod_init+0x0/0x17 @ 1
[    1.227817] initcall md5_mod_init+0x0/0x17 returned 0 after 51 usecs
[    1.227819] calling  sha1_generic_mod_init+0x0/0x17 @ 1
[    1.227877] initcall sha1_generic_mod_init+0x0/0x17 returned 0 after 51 usecs
[    1.227879] calling  sha256_generic_mod_init+0x0/0x1c @ 1
[    1.228053] initcall sha256_generic_mod_init+0x0/0x1c returned 0 after 163 usecs
[    1.228055] calling  sha512_generic_mod_init+0x0/0x1c @ 1
[    1.228186] initcall sha512_generic_mod_init+0x0/0x1c returned 0 after 122 usecs
[    1.228187] calling  crypto_ecb_module_init+0x0/0x17 @ 1
[    1.228197] initcall crypto_ecb_module_init+0x0/0x17 returned 0 after 4 usecs
[    1.228198] calling  crypto_cbc_module_init+0x0/0x17 @ 1
[    1.228208] initcall crypto_cbc_module_init+0x0/0x17 returned 0 after 4 usecs
[    1.228209] calling  crypto_cts_module_init+0x0/0x17 @ 1
[    1.228218] initcall crypto_cts_module_init+0x0/0x17 returned 0 after 4 usecs
[    1.228220] calling  crypto_module_init+0x0/0x17 @ 1
[    1.228229] initcall crypto_module_init+0x0/0x17 returned 0 after 4 usecs
[    1.228231] calling  crypto_ctr_module_init+0x0/0x3e @ 1
[    1.228240] initcall crypto_ctr_module_init+0x0/0x3e returned 0 after 4 usecs
[    1.228242] calling  crypto_gcm_module_init+0x0/0xb7 @ 1
[    1.228251] initcall crypto_gcm_module_init+0x0/0xb7 returned 0 after 4 usecs
[    1.228253] calling  aes_init+0x0/0x17 @ 1
[    1.228321] initcall aes_init+0x0/0x17 returned 0 after 62 usecs
[    1.228323] calling  crc32c_mod_init+0x0/0x17 @ 1
[    1.228392] initcall crc32c_mod_init+0x0/0x17 returned 0 after 62 usecs
[    1.228393] calling  crct10dif_mod_init+0x0/0x17 @ 1
[    1.228463] initcall crct10dif_mod_init+0x0/0x17 returned 0 after 62 usecs
[    1.228464] calling  lzo_mod_init+0x0/0x3f @ 1
[    1.228595] initcall lzo_mod_init+0x0/0x3f returned 0 after 122 usecs
[    1.228597] calling  drbg_init+0x0/0x8d @ 1
[    1.229822] initcall drbg_init+0x0/0x8d returned 0 after 1189 usecs
[    1.229824] calling  jent_mod_init+0x0/0x35 @ 1
[    1.230049] initcall jent_mod_init+0x0/0x35 returned 0 after 213 usecs
[    1.230051] calling  ghash_mod_init+0x0/0x17 @ 1
[    1.230125] initcall ghash_mod_init+0x0/0x17 returned 0 after 67 usecs
[    1.230126] calling  asymmetric_key_init+0x0/0x17 @ 1
[    1.230131] Key type asymmetric registered
[    1.230136] initcall asymmetric_key_init+0x0/0x17 returned 0 after 4 usecs
[    1.230137] calling  x509_key_init+0x0/0x17 @ 1
[    1.230142] Asymmetric key parser 'x509' registered
[    1.230147] initcall x509_key_init+0x0/0x17 returned 0 after 4 usecs
[    1.230149] calling  proc_genhd_init+0x0/0x3b @ 1
[    1.230160] initcall proc_genhd_init+0x0/0x3b returned 0 after 5 usecs
[    1.230161] calling  bsg_init+0x0/0x193 @ 1
[    1.230203] Block layer SCSI generic (bsg) driver version 0.4 loaded (major 246)
[    1.230209] initcall bsg_init+0x0/0x193 returned 0 after 41 usecs
[    1.230211] calling  throtl_init+0x0/0x47 @ 1
[    1.230268] initcall throtl_init+0x0/0x47 returned 0 after 50 usecs
[    1.230270] calling  noop_init+0x0/0x17 @ 1
[    1.230272] io scheduler noop registered
[    1.230277] initcall noop_init+0x0/0x17 returned 0 after 4 usecs
[    1.230278] calling  deadline_init+0x0/0x17 @ 1
[    1.230283] io scheduler deadline registered
[    1.230288] initcall deadline_init+0x0/0x17 returned 0 after 4 usecs
[    1.230290] calling  cfq_init+0x0/0x79 @ 1
[    1.230333] io scheduler cfq registered (default)
[    1.230338] initcall cfq_init+0x0/0x79 returned 0 after 41 usecs
[    1.230340] calling  btree_module_init+0x0/0x2a @ 1
[    1.230350] initcall btree_module_init+0x0/0x2a returned 0 after 4 usecs
[    1.230351] calling  crc_t10dif_mod_init+0x0/0x3e @ 1
[    1.230362] initcall crc_t10dif_mod_init+0x0/0x3e returned 0 after 4 usecs
[    1.230363] calling  percpu_counter_startup+0x0/0x56 @ 1
[    1.230433] initcall percpu_counter_startup+0x0/0x56 returned 0 after 62 usecs
[    1.230435] calling  digsig_init+0x0/0x3b @ 1
[    1.230445] initcall digsig_init+0x0/0x3b returned 0 after 4 usecs
[    1.230447] calling  sg_pool_init+0x0/0xdc @ 1
[    1.230463] initcall sg_pool_init+0x0/0xdc returned 0 after 11 usecs
[    1.230465] calling  phy_core_init+0x0/0x50 @ 1
[    1.230476] initcall phy_core_init+0x0/0x50 returned 0 after 5 usecs
[    1.230478] calling  amd_gpio_driver_init+0x0/0x19 @ 1
[    1.230499] initcall amd_gpio_driver_init+0x0/0x19 returned 0 after 15 usecs
[    1.230501] calling  tps68470_gpio_driver_init+0x0/0x19 @ 1
[    1.230515] initcall tps68470_gpio_driver_init+0x0/0x19 returned 0 after 8 usecs
[    1.230517] calling  crystalcove_pwm_driver_init+0x0/0x19 @ 1
[    1.230530] initcall crystalcove_pwm_driver_init+0x0/0x19 returned 0 after 7 usecs
[    1.230532] calling  pci_proc_init+0x0/0x70 @ 1
[    1.230558] initcall pci_proc_init+0x0/0x70 returned 0 after 19 usecs
[    1.230560] calling  pcie_portdrv_init+0x0/0x78 @ 1
[    1.231281] initcall pcie_portdrv_init+0x0/0x78 returned 0 after 698 usecs
[    1.231284] calling  aer_service_init+0x0/0x3f @ 1
[    1.231312] pcieport 0000:00:1c.0: AER enabled with IRQ 122
[    1.231336] pcieport 0000:00:1c.5: AER enabled with IRQ 123
[    1.231353] pcieport 0000:00:1d.0: AER enabled with IRQ 124
[    1.231362] initcall aer_service_init+0x0/0x3f returned 0 after 71 usecs
[    1.231364] calling  pcie_pme_service_init+0x0/0x17 @ 1
[    1.231377] pcieport 0000:00:1c.0: Signaling PME with IRQ 122
[    1.231387] pcieport 0000:00:1c.5: Signaling PME with IRQ 123
[    1.231397] pcieport 0000:00:1d.0: Signaling PME with IRQ 124
[    1.231408] initcall pcie_pme_service_init+0x0/0x17 returned 0 after 37 usecs
[    1.231410] calling  dpc_service_init+0x0/0x17 @ 1
[    1.231422] initcall dpc_service_init+0x0/0x17 returned 0 after 5 usecs
[    1.231424] calling  pci_hotplug_init+0x0/0x36 @ 1
[    1.231433] initcall pci_hotplug_init+0x0/0x36 returned 0 after 4 usecs
[    1.231434] calling  pcied_init+0x0/0x5b @ 1
[    1.231445] initcall pcied_init+0x0/0x5b returned 0 after 5 usecs
[    1.231446] calling  pci_ep_cfs_init+0x0/0xd3 @ 1
[    1.231471] initcall pci_ep_cfs_init+0x0/0xd3 returned 0 after 19 usecs
[    1.231472] calling  pci_epc_init+0x0/0x47 @ 1
[    1.231482] initcall pci_epc_init+0x0/0x47 returned 0 after 5 usecs
[    1.231483] calling  pci_epf_init+0x0/0x2f @ 1
[    1.231494] initcall pci_epf_init+0x0/0x2f returned 0 after 6 usecs
[    1.231496] calling  dw_plat_pcie_driver_init+0x0/0x19 @ 1
[    1.231508] initcall dw_plat_pcie_driver_init+0x0/0x19 returned 0 after 7 usecs
[    1.231509] calling  imsttfb_init+0x0/0x110 @ 1
[    1.231524] initcall imsttfb_init+0x0/0x110 returned 0 after 10 usecs
[    1.231525] calling  asiliantfb_init+0x0/0x39 @ 1
[    1.231538] initcall asiliantfb_init+0x0/0x39 returned 0 after 8 usecs
[    1.231539] calling  vesafb_driver_init+0x0/0x19 @ 1
[    1.231553] initcall vesafb_driver_init+0x0/0x19 returned 0 after 8 usecs
[    1.231554] calling  efifb_driver_init+0x0/0x19 @ 1
[    1.231566] initcall efifb_driver_init+0x0/0x19 returned 0 after 7 usecs
[    1.231567] calling  intel_idle_init+0x0/0x5bd @ 1
[    1.231572] intel_idle: MWAIT substates: 0x11142120
[    1.231573] intel_idle: v0.4.1 model 0x4E
[    1.231780] intel_idle: lapic_timer_reliable_states 0xffffffff
[    1.231785] initcall intel_idle_init+0x0/0x5bd returned 0 after 207 usecs
[    1.231786] calling  acpi_ac_init+0x0/0x83 @ 1
[    1.234363] ACPI: AC Adapter [AC] (on-line)
[    1.234379] initcall acpi_ac_init+0x0/0x83 returned 0 after 2526 usecs
[    1.234380] calling  acpi_button_driver_init+0x0/0x17 @ 1
[    1.238107] input: Lid Switch as /devices/LNXSYSTM:00/LNXSYBUS:00/PNP0C0D:00/input/input0
[    1.239071] ACPI: Lid Switch [LID0]
[    1.239115] input: Power Button as /devices/LNXSYSTM:00/LNXSYBUS:00/PNP0C0C:00/input/input1
[    1.239292] ACPI: Power Button [PBTN]
[    1.239334] input: Sleep Button as /devices/LNXSYSTM:00/LNXSYBUS:00/PNP0C0E:00/input/input2
[    1.239345] ACPI: Sleep Button [SBTN]
[    1.239373] input: Power Button as /devices/LNXSYSTM:00/LNXPWRBN:00/input/input3
[    1.239421] ACPI: Power Button [PWRF]
[    1.239439] initcall acpi_button_driver_init+0x0/0x17 returned 0 after 4933 usecs
[    1.239441] calling  acpi_fan_driver_init+0x0/0x19 @ 1
[    1.239459] initcall acpi_fan_driver_init+0x0/0x19 returned 0 after 13 usecs
[    1.239461] calling  acpi_processor_driver_init+0x0/0x9a @ 1
[    1.239592] initcall acpi_processor_driver_init+0x0/0x9a returned 0 after 123 usecs
[    1.239594] calling  acpi_thermal_init+0x0/0x84 @ 1
[    1.241145] (NULL device *): hwmon_device_register() is deprecated. Please convert the driver to use hwmon_device_register_with_info().
[    1.241748] thermal LNXTHERM:00: registered as thermal_zone0
[    1.241749] ACPI: Thermal Zone [THM] (25 C)
[    1.241763] initcall acpi_thermal_init+0x0/0x84 returned 0 after 2112 usecs
[    1.241766] calling  acpi_battery_init+0x0/0x35 @ 1
[    1.241776] initcall acpi_battery_init+0x0/0x35 returned 0 after 5 usecs
[    1.241778] calling  acpi_hed_driver_init+0x0/0x17 @ 1
[    1.241828] initcall acpi_hed_driver_init+0x0/0x17 returned 0 after 45 usecs
[    1.241830] calling  bgrt_init+0x0/0xba @ 1
[    1.241845] initcall bgrt_init+0x0/0xba returned 0 after 9 usecs
[    1.241847] calling  acpi_aml_init+0x0/0xd2 @ 1
[    1.241860] initcall acpi_aml_init+0x0/0xd2 returned 0 after 7 usecs
[    1.241862] calling  erst_init+0x0/0x317 @ 1
[    1.241872] initcall erst_init+0x0/0x317 returned 0 after 4 usecs
[    1.241874] calling  ghes_init+0x0/0x196 @ 1
[    1.241884] initcall ghes_init+0x0/0x196 returned -19 after 4 usecs
[    1.241886] calling  gpio_clk_driver_init+0x0/0x19 @ 1
[    1.241906] initcall gpio_clk_driver_init+0x0/0x19 returned 0 after 13 usecs
[    1.241908] calling  plt_clk_driver_init+0x0/0x19 @ 1
[    1.241923] initcall plt_clk_driver_init+0x0/0x19 returned 0 after 9 usecs
[    1.241925] calling  virtio_mmio_init+0x0/0x19 @ 1
[    1.241943] initcall virtio_mmio_init+0x0/0x19 returned 0 after 11 usecs
[    1.241945] calling  virtio_pci_driver_init+0x0/0x20 @ 1
[    1.241966] initcall virtio_pci_driver_init+0x0/0x20 returned 0 after 14 usecs
[    1.241968] calling  virtio_balloon_driver_init+0x0/0x17 @ 1
[    1.241983] initcall virtio_balloon_driver_init+0x0/0x17 returned 0 after 8 usecs
[    1.241985] calling  xenbus_probe_initcall+0x0/0x53 @ 1
[    1.241996] initcall xenbus_probe_initcall+0x0/0x53 returned -19 after 4 usecs
[    1.241998] calling  xenbus_init+0x0/0x3b @ 1
[    1.242008] initcall xenbus_init+0x0/0x3b returned -19 after 4 usecs
[    1.242011] calling  xenbus_backend_init+0x0/0x4d @ 1
[    1.242021] initcall xenbus_backend_init+0x0/0x4d returned -19 after 4 usecs
[    1.242023] calling  hypervisor_subsys_init+0x0/0x2a @ 1
[    1.242034] initcall hypervisor_subsys_init+0x0/0x2a returned -19 after 5 usecs
[    1.242036] calling  hyper_sysfs_init+0x0/0x191 @ 1
[    1.242047] initcall hyper_sysfs_init+0x0/0x191 returned -19 after 4 usecs
[    1.242049] calling  platform_driver_init+0x0/0x20 @ 1
[    1.242066] initcall platform_driver_init+0x0/0x20 returned 0 after 13 usecs
[    1.242068] calling  xen_late_init_mcelog+0x0/0x66 @ 1
[    1.242078] initcall xen_late_init_mcelog+0x0/0x66 returned -19 after 4 usecs
[    1.242080] calling  xen_acpi_processor_init+0x0/0x1d9 @ 1
[    1.242090] initcall xen_acpi_processor_init+0x0/0x1d9 returned -19 after 4 usecs
[    1.242092] calling  n_null_init+0x0/0x24 @ 1
[    1.242101] initcall n_null_init+0x0/0x24 returned 0 after 4 usecs
[    1.242103] calling  pty_init+0x0/0x34f @ 1
[    1.242298] initcall pty_init+0x0/0x34f returned 0 after 183 usecs
[    1.242301] calling  sysrq_init+0x0/0x4f @ 1
[    1.242312] initcall sysrq_init+0x0/0x4f returned 0 after 5 usecs
[    1.242314] calling  xen_hvc_init+0x0/0x24b @ 1
[    1.242324] initcall xen_hvc_init+0x0/0x24b returned -19 after 4 usecs
[    1.242326] calling  serial8250_init+0x0/0x168 @ 1
[    1.242330] Serial: 8250/16550 driver, 32 ports, IRQ sharing enabled
[    1.244810] initcall serial8250_init+0x0/0x168 returned 0 after 2418 usecs
[    1.244812] calling  serial_pci_driver_init+0x0/0x20 @ 1
[    1.244833] serial 0000:00:16.3: enabling device (0000 -> 0003)
[    1.265511] 0000:00:16.3: ttyS4 at I/O 0xf0a0 (irq = 19, base_baud = 115200) is a 16550A
[    1.265642] initcall serial_pci_driver_init+0x0/0x20 returned 0 after 20334 usecs
[    1.265645] calling  max310x_uart_init+0x0/0x3a @ 1
[    1.265664] initcall max310x_uart_init+0x0/0x3a returned 0 after 12 usecs
[    1.265666] calling  sccnxp_uart_driver_init+0x0/0x19 @ 1
[    1.265684] initcall sccnxp_uart_driver_init+0x0/0x19 returned 0 after 11 usecs
[    1.265686] calling  init_kgdboc+0x0/0x1c @ 1
[    1.265697] initcall init_kgdboc+0x0/0x1c returned 0 after 4 usecs
[    1.265698] calling  ttyprintk_init+0x0/0x107 @ 1
[    1.265796] initcall ttyprintk_init+0x0/0x107 returned 0 after 90 usecs
[    1.265798] calling  init+0x0/0x102 @ 1
[    1.265823] initcall init+0x0/0x102 returned 0 after 19 usecs
[    1.265824] calling  hpet_init+0x0/0x6a @ 1
[    1.266618] initcall hpet_init+0x0/0x6a returned 0 after 768 usecs
[    1.266620] calling  hwrng_modinit+0x0/0x82 @ 1
[    1.266717] initcall hwrng_modinit+0x0/0x82 returned 0 after 89 usecs
[    1.266719] calling  agp_init+0x0/0x2c @ 1
[    1.266723] Linux agpgart interface v0.103
[    1.266728] initcall agp_init+0x0/0x2c returned 0 after 4 usecs
[    1.266729] calling  agp_amd64_mod_init+0x0/0x26 @ 1
[    1.266762] initcall agp_amd64_mod_init+0x0/0x26 returned -19 after 27 usecs
[    1.266763] calling  agp_intel_init+0x0/0x2f @ 1
[    1.266779] initcall agp_intel_init+0x0/0x2f returned 0 after 10 usecs
[    1.266780] calling  agp_via_init+0x0/0x2f @ 1
[    1.266794] initcall agp_via_init+0x0/0x2f returned 0 after 9 usecs
[    1.266795] calling  init_tis+0x0/0x10f @ 1
[    1.277623] tpm_tis 00:0a: 1.2 TPM (device-id 0xFE, rev-id 2)
[    1.299474] ACPI: Battery Slot [BAT0] (battery present)
[    1.322586] initcall init_tis+0x0/0x10f returned 0 after 54474 usecs
[    1.322589] calling  cn_proc_init+0x0/0x3b @ 1
[    1.322599] initcall cn_proc_init+0x0/0x3b returned 0 after 4 usecs
[    1.322600] calling  _nvm_misc_init+0x0/0x17 @ 1
[    1.322809] initcall _nvm_misc_init+0x0/0x17 returned 0 after 197 usecs
[    1.322812] calling  topology_sysfs_init+0x0/0x40 @ 1
[    1.322836] initcall topology_sysfs_init+0x0/0x40 returned 0 after 18 usecs
[    1.322838] calling  cacheinfo_sysfs_init+0x0/0x32 @ 1
[    1.323437] initcall cacheinfo_sysfs_init+0x0/0x32 returned 165 after 578 usecs
[    1.323440] calling  devcoredump_init+0x0/0x1e @ 1
[    1.323453] initcall devcoredump_init+0x0/0x1e returned 0 after 7 usecs
[    1.323454] calling  loop_init+0x0/0x16a @ 1
[    1.325357] loop: module loaded
[    1.325364] initcall loop_init+0x0/0x16a returned 0 after 1858 usecs
[    1.325366] calling  xlblk_init+0x0/0xf0 @ 1
[    1.325376] initcall xlblk_init+0x0/0xf0 returned -19 after 4 usecs
[    1.325377] calling  htcpld_core_init+0x0/0x32 @ 1
[    1.325406] initcall htcpld_core_init+0x0/0x32 returned -19 after 23 usecs
[    1.325408] calling  tps65912_i2c_driver_init+0x0/0x19 @ 1
[    1.325421] initcall tps65912_i2c_driver_init+0x0/0x19 returned 0 after 8 usecs
[    1.325423] calling  tps65912_spi_driver_init+0x0/0x19 @ 1
[    1.325434] initcall tps65912_spi_driver_init+0x0/0x19 returned 0 after 6 usecs
[    1.325436] calling  tps68470_driver_init+0x0/0x19 @ 1
[    1.325447] initcall tps68470_driver_init+0x0/0x19 returned 0 after 5 usecs
